Archive member included because of file (symbol)

libbb/lib.a(appletlib.o)      /usr/local/linaro/arm-linux-gnueabihf/bin/../arm-linux-gnueabihf/libc/usr/lib/arm-linux-gnueabihf/crt1.o (main)
libbb/lib.a(compare_string_array.o)
                              libbb/lib.a(appletlib.o) (is_prefixed_with)
libbb/lib.a(concat_path_file.o)
                              libbb/lib.a(appletlib.o) (concat_path_file)
libbb/lib.a(default_error_retval.o)
                              libbb/lib.a(appletlib.o) (xfunc_error_retval)
libbb/lib.a(get_last_path_component.o)
                              libbb/lib.a(appletlib.o) (bb_basename)
libbb/lib.a(last_char_is.o)   libbb/lib.a(concat_path_file.o) (last_char_is)
libbb/lib.a(llist.o)          libbb/lib.a(appletlib.o) (llist_free)
libbb/lib.a(messages.o)       libbb/lib.a(appletlib.o) (bb_busybox_exec_path)
libbb/lib.a(perror_msg.o)     libbb/lib.a(appletlib.o) (bb_perror_msg_and_die)
libbb/lib.a(ptr_to_globals.o)
                              libbb/lib.a(appletlib.o) (bb_errno)
libbb/lib.a(skip_whitespace.o)
                              libbb/lib.a(appletlib.o) (skip_whitespace)
libbb/lib.a(verror_msg.o)     libbb/lib.a(perror_msg.o) (bb_verror_msg)
libbb/lib.a(wfopen.o)         libbb/lib.a(appletlib.o) (fopen_for_read)
libbb/lib.a(xfunc_die.o)      libbb/lib.a(appletlib.o) (xfunc_die)
libbb/lib.a(xfuncs.o)         libbb/lib.a(appletlib.o) (full_write2_str)
libbb/lib.a(xfuncs_printf.o)  libbb/lib.a(appletlib.o) (malloc_or_warn)
libbb/lib.a(xreadlink.o)      libbb/lib.a(appletlib.o) (xmalloc_readlink)
libbb/lib.a(copyfd.o)         libbb/lib.a(xfuncs_printf.o) (bb_copyfd_eof)
libbb/lib.a(full_write.o)     libbb/lib.a(verror_msg.o) (full_write)
libbb/lib.a(read.o)           libbb/lib.a(copyfd.o) (safe_read)
libbb/lib.a(safe_write.o)     libbb/lib.a(full_write.o) (safe_write)
libbb/lib.a(time.o)           libbb/lib.a(xfuncs_printf.o) (monotonic_us)
libbb/lib.a(bb_strtonum.o)    libbb/lib.a(time.o) (bb_strtol)
libpwdgrp/lib.a(pwd_grp.o)    libbb/lib.a(appletlib.o) (bb_internal_getpwnam)
libpwdgrp/lib.a(uidgid_get.o)
                              libbb/lib.a(appletlib.o) (get_uidgid)
loginutils/lib.a(add-remove-shell.o)
                              libbb/lib.a(appletlib.o) (add_remove_shell_main)
loginutils/lib.a(addgroup.o)  libbb/lib.a(appletlib.o) (addgroup_main)
loginutils/lib.a(adduser.o)   libbb/lib.a(appletlib.o) (adduser_main)
loginutils/lib.a(chpasswd.o)  libbb/lib.a(appletlib.o) (chpasswd_main)
loginutils/lib.a(cryptpw.o)   libbb/lib.a(appletlib.o) (cryptpw_main)
loginutils/lib.a(deluser.o)   libbb/lib.a(appletlib.o) (deluser_main)
loginutils/lib.a(getty.o)     libbb/lib.a(appletlib.o) (getty_main)
loginutils/lib.a(login.o)     libbb/lib.a(appletlib.o) (login_main)
loginutils/lib.a(passwd.o)    libbb/lib.a(appletlib.o) (passwd_main)
loginutils/lib.a(su.o)        libbb/lib.a(appletlib.o) (su_main)
loginutils/lib.a(sulogin.o)   libbb/lib.a(appletlib.o) (sulogin_main)
loginutils/lib.a(vlock.o)     libbb/lib.a(appletlib.o) (vlock_main)
mailutils/lib.a(makemime.o)   libbb/lib.a(appletlib.o) (makemime_main)
mailutils/lib.a(popmaildir.o)
                              libbb/lib.a(appletlib.o) (popmaildir_main)
mailutils/lib.a(reformime.o)  libbb/lib.a(appletlib.o) (reformime_main)
mailutils/lib.a(sendmail.o)   libbb/lib.a(appletlib.o) (sendmail_main)
mailutils/lib.a(mail.o)       mailutils/lib.a(popmaildir.o) (launch_helper)
miscutils/lib.a(adjtimex.o)   libbb/lib.a(appletlib.o) (adjtimex_main)
miscutils/lib.a(beep.o)       libbb/lib.a(appletlib.o) (beep_main)
miscutils/lib.a(chat.o)       libbb/lib.a(appletlib.o) (chat_main)
miscutils/lib.a(chrt.o)       libbb/lib.a(appletlib.o) (chrt_main)
miscutils/lib.a(conspy.o)     libbb/lib.a(appletlib.o) (conspy_main)
miscutils/lib.a(crond.o)      libbb/lib.a(appletlib.o) (crond_main)
miscutils/lib.a(crontab.o)    libbb/lib.a(appletlib.o) (crontab_main)
miscutils/lib.a(dc.o)         libbb/lib.a(appletlib.o) (dc_main)
miscutils/lib.a(devmem.o)     libbb/lib.a(appletlib.o) (devmem_main)
miscutils/lib.a(eject.o)      libbb/lib.a(appletlib.o) (eject_main)
miscutils/lib.a(fbsplash.o)   libbb/lib.a(appletlib.o) (fbsplash_main)
miscutils/lib.a(hdparm.o)     libbb/lib.a(appletlib.o) (hdparm_main)
miscutils/lib.a(i2c_tools.o)  libbb/lib.a(appletlib.o) (i2cget_main)
miscutils/lib.a(ionice.o)     libbb/lib.a(appletlib.o) (ionice_main)
miscutils/lib.a(last_fancy.o)
                              libbb/lib.a(appletlib.o) (last_main)
miscutils/lib.a(less.o)       libbb/lib.a(appletlib.o) (less_main)
miscutils/lib.a(makedevs.o)   libbb/lib.a(appletlib.o) (makedevs_main)
miscutils/lib.a(man.o)        libbb/lib.a(appletlib.o) (man_main)
miscutils/lib.a(microcom.o)   libbb/lib.a(appletlib.o) (microcom_main)
miscutils/lib.a(mountpoint.o)
                              libbb/lib.a(appletlib.o) (mountpoint_main)
miscutils/lib.a(mt.o)         libbb/lib.a(appletlib.o) (mt_main)
miscutils/lib.a(nandwrite.o)  libbb/lib.a(appletlib.o) (nandwrite_main)
[...]
Memory Configuration

Name             Origin             Length             Attributes
*default*        0x0000000000000000 0xffffffffffffffff

Linker script and memory map

LOAD /usr/local/linaro/arm-linux-gnueabihf/bin/../arm-linux-gnueabihf/libc/usr/lib/arm-linux-gnueabihf/crt1.o
LOAD /usr/local/linaro/arm-linux-gnueabihf/bin/../arm-linux-gnueabihf/libc/usr/lib/arm-linux-gnueabihf/crti.o
LOAD /usr/local/linaro/arm-linux-gnueabihf/bin/../lib/gcc/arm-linux-gnueabihf/4.8.3/crtbegin.o
START GROUP
LOAD applets/built-in.o
LOAD archival/lib.a
LOAD archival/libarchive/lib.a
LOAD console-tools/lib.a
LOAD coreutils/lib.a
LOAD coreutils/libcoreutils/lib.a
LOAD debianutils/lib.a
LOAD e2fsprogs/lib.a
LOAD editors/lib.a
LOAD findutils/lib.a
LOAD init/lib.a
LOAD libbb/lib.a
LOAD libpwdgrp/lib.a
LOAD loginutils/lib.a
LOAD mailutils/lib.a
LOAD miscutils/lib.a
LOAD modutils/lib.a
LOAD networking/lib.a
LOAD networking/libiproute/lib.a
LOAD networking/udhcp/lib.a
LOAD printutils/lib.a
LOAD procps/lib.a
LOAD runit/lib.a
LOAD selinux/lib.a
LOAD shell/lib.a
LOAD sysklogd/lib.a
LOAD util-linux/lib.a
LOAD util-linux/volume_id/lib.a
LOAD archival/built-in.o
LOAD archival/libarchive/built-in.o
LOAD console-tools/built-in.o
LOAD coreutils/built-in.o
LOAD coreutils/libcoreutils/built-in.o
LOAD debianutils/built-in.o
LOAD e2fsprogs/built-in.o
LOAD editors/built-in.o
LOAD findutils/built-in.o
LOAD init/built-in.o
LOAD libbb/built-in.o
LOAD libpwdgrp/built-in.o
LOAD loginutils/built-in.o
LOAD mailutils/built-in.o
LOAD miscutils/built-in.o
LOAD modutils/built-in.o
LOAD networking/built-in.o
LOAD networking/libiproute/built-in.o
LOAD networking/udhcp/built-in.o
LOAD printutils/built-in.o
LOAD procps/built-in.o
LOAD runit/built-in.o
LOAD selinux/built-in.o
LOAD shell/built-in.o
LOAD sysklogd/built-in.o
LOAD util-linux/built-in.o
LOAD util-linux/volume_id/built-in.o
END GROUP
START GROUP
LOAD /usr/local/linaro/arm-linux-gnueabihf/bin/../arm-linux-gnueabihf/libc/usr/lib/arm-linux-gnueabihf/libm.so
END GROUP
LOAD /usr/local/linaro/arm-linux-gnueabihf/bin/../lib/gcc/arm-linux-gnueabihf/4.8.3/libgcc.a
LOAD /usr/local/linaro/arm-linux-gnueabihf/bin/../lib/gcc/arm-linux-gnueabihf/4.8.3/libgcc_eh.a
LOAD /usr/local/linaro/arm-linux-gnueabihf/bin/../arm-linux-gnueabihf/libc/usr/lib/arm-linux-gnueabihf/libc.so
START GROUP
LOAD /usr/local/linaro/arm-linux-gnueabihf/bin/../arm-linux-gnueabihf/libc/lib/arm-linux-gnueabihf/libc.so.6
LOAD /usr/local/linaro/arm-linux-gnueabihf/bin/../arm-linux-gnueabihf/libc/usr/lib/arm-linux-gnueabihf/libc_nonshared.a
LOAD /usr/local/linaro/arm-linux-gnueabihf/bin/../arm-linux-gnueabihf/libc/lib/ld-linux-armhf.so.3
END GROUP
LOAD /usr/local/linaro/arm-linux-gnueabihf/bin/../lib/gcc/arm-linux-gnueabihf/4.8.3/libgcc.a
LOAD /usr/local/linaro/arm-linux-gnueabihf/bin/../lib/gcc/arm-linux-gnueabihf/4.8.3/libgcc_eh.a
LOAD /usr/local/linaro/arm-linux-gnueabihf/bin/../lib/gcc/arm-linux-gnueabihf/4.8.3/crtend.o
LOAD /usr/local/linaro/arm-linux-gnueabihf/bin/../arm-linux-gnueabihf/libc/usr/lib/arm-linux-gnueabihf/crtn.o
                0x0000000000008000                PROVIDE (__executable_start, 0x8000)
                0x0000000000008134                . = (0x8000 + SIZEOF_HEADERS)

.interp         0x0000000000008134       0x19
 *(SORT(.interp))
 .interp        0x0000000000008134       0x19 /usr/local/linaro/arm-linux-gnueabihf/bin/../arm-linux-gnueabihf/libc/usr/lib/arm-linux-gnueabihf/crt1.o

.note.ABI-tag   0x0000000000008150       0x20
 .note.ABI-tag  0x0000000000008150       0x20 /usr/local/linaro/arm-linux-gnueabihf/bin/../arm-linux-gnueabihf/libc/usr/lib/arm-linux-gnueabihf/crt1.o

.note.gnu.build-id
                0x0000000000008170       0x24
 *(SORT(.note.gnu.build-id))
 .note.gnu.build-id
                0x0000000000008170       0x24 linker stubs

.hash           0x0000000000008194      0xa28
 *(SORT(.hash))
 .hash          0x0000000000008194      0xa28 /usr/local/linaro/arm-linux-gnueabihf/bin/../arm-linux-gnueabihf/libc/usr/lib/arm-linux-gnueabihf/crt1.o

.gnu.hash
 *(SORT(.gnu.hash))

.dynsym         0x0000000000008bbc     0x1810
 *(SORT(.dynsym))
 .dynsym        0x0000000000008bbc     0x1810 /usr/local/linaro/arm-linux-gnueabihf/bin/../arm-linux-gnueabihf/libc/usr/lib/arm-linux-gnueabihf/crt1.o

.dynstr         0x000000000000a3cc      0xca2
 *(SORT(.dynstr))
 .dynstr        0x000000000000a3cc      0xca2 /usr/local/linaro/arm-linux-gnueabihf/bin/../arm-linux-gnueabihf/libc/usr/lib/arm-linux-gnueabihf/crt1.o

.gnu.version    0x000000000000b06e      0x302
 *(SORT(.gnu.version))
 .gnu.version   0x000000000000b06e      0x302 /usr/local/linaro/arm-linux-gnueabihf/bin/../arm-linux-gnueabihf/libc/usr/lib/arm-linux-gnueabihf/crt1.o

.gnu.version_d  0x000000000000b370        0x0
 *(SORT(.gnu.version_d))
 .gnu.version_d
                0x0000000000000000        0x0 /usr/local/linaro/arm-linux-gnueabihf/bin/../arm-linux-gnueabihf/libc/usr/lib/arm-linux-gnueabihf/crt1.o

.gnu.version_r  0x000000000000b370       0x50
 *(SORT(.gnu.version_r))
 .gnu.version_r
                0x000000000000b370       0x50 /usr/local/linaro/arm-linux-gnueabihf/bin/../arm-linux-gnueabihf/libc/usr/lib/arm-linux-gnueabihf/crt1.o

.rel.dyn        0x000000000000b3c0       0x48
 *(SORT(.rel.init))
 *(SORT(.rel.text) SORT(.rel.text.*) SORT(.rel.gnu.linkonce.t.*))
 *(SORT(.rel.fini))
 *(SORT(.rel.rodata) SORT(.rel.rodata.*) SORT(.rel.gnu.linkonce.r.*))
 *(SORT(.rel.data.rel.ro) SORT(.rel.data.rel.ro.*) SORT(.rel.gnu.linkonce.d.rel.ro.*))
 *(SORT(.rel.data) SORT(.rel.data.*) SORT(.rel.gnu.linkonce.d.*))
 *(SORT(.rel.tdata) SORT(.rel.tdata.*) SORT(.rel.gnu.linkonce.td.*))
 *(SORT(.rel.tbss) SORT(.rel.tbss.*) SORT(.rel.gnu.linkonce.tb.*))
 *(SORT(.rel.ctors))
 *(SORT(.rel.dtors))
 *(SORT(.rel.got))
 .rel.got       0x000000000000b3c0        0x8 /usr/local/linaro/arm-linux-gnueabihf/bin/../arm-linux-gnueabihf/libc/usr/lib/arm-linux-gnueabihf/crt1.o
 *(SORT(.rel.bss) SORT(.rel.bss.*) SORT(.rel.gnu.linkonce.b.*))
 .rel.bss       0x000000000000b3c8       0x40 /usr/local/linaro/arm-linux-gnueabihf/bin/../arm-linux-gnueabihf/libc/usr/lib/arm-linux-gnueabihf/crt1.o
                0x000000000000b408                PROVIDE (__rel_iplt_start, .)
 *(SORT(.rel.iplt))
 .rel.iplt      0x0000000000000000        0x0 /usr/local/linaro/arm-linux-gnueabihf/bin/../arm-linux-gnueabihf/libc/usr/lib/arm-linux-gnueabihf/crt1.o
                0x000000000000b408                PROVIDE (__rel_iplt_end, .)
                0x000000000000b408                PROVIDE (__rela_iplt_start, .)
                0x000000000000b408                PROVIDE (__rela_iplt_end, .)

.rela.dyn       0x000000000000b408        0x0
 *(SORT(.rela.init))
 *(SORT(.rela.text) SORT(.rela.text.*) SORT(.rela.gnu.linkonce.t.*))
 *(SORT(.rela.fini))
 *(SORT(.rela.rodata) SORT(.rela.rodata.*) SORT(.rela.gnu.linkonce.r.*))
 *(SORT(.rela.data) SORT(.rela.data.*) SORT(.rela.gnu.linkonce.d.*))
 *(SORT(.rela.tdata) SORT(.rela.tdata.*) SORT(.rela.gnu.linkonce.td.*))
 *(SORT(.rela.tbss) SORT(.rela.tbss.*) SORT(.rela.gnu.linkonce.tb.*))
 *(SORT(.rela.ctors))
 *(SORT(.rela.dtors))
 *(SORT(.rela.got))
 *(SORT(.rela.bss) SORT(.rela.bss.*) SORT(.rela.gnu.linkonce.b.*))
                0x000000000000b408                PROVIDE (__rel_iplt_start, .)
                0x000000000000b408                PROVIDE (__rel_iplt_end, .)
                0x000000000000b408                PROVIDE (__rela_iplt_start, .)
 *(SORT(.rela.iplt))
                0x000000000000b408                PROVIDE (__rela_iplt_end, .)

.rel.plt        0x000000000000b408      0xb98
 *(SORT(.rel.plt))
 .rel.plt       0x000000000000b408      0xb98 /usr/local/linaro/arm-linux-gnueabihf/bin/../arm-linux-gnueabihf/libc/usr/lib/arm-linux-gnueabihf/crt1.o

.rela.plt
 *(SORT(.rela.plt))

.init           0x000000000000bfa0        0xc
 *(SORT(.init))
 .init          0x000000000000bfa0        0x8 /usr/local/linaro/arm-linux-gnueabihf/bin/../arm-linux-gnueabihf/libc/usr/lib/arm-linux-gnueabihf/crti.o
                0x000000000000bfa0                _init
 .init          0x000000000000bfa8        0x4 /usr/local/linaro/arm-linux-gnueabihf/bin/../arm-linux-gnueabihf/libc/usr/lib/arm-linux-gnueabihf/crtn.o

.plt            0x000000000000bfac     0x1250
 *(SORT(.plt))
 .plt           0x000000000000bfac     0x1250 /usr/local/linaro/arm-linux-gnueabihf/bin/../arm-linux-gnueabihf/libc/usr/lib/arm-linux-gnueabihf/crt1.o
                0x000000000000bfc0                fdopen@@GLIBC_2.4
                0x000000000000bfcc                sched_get_priority_min@@GLIBC_2.4
                0x000000000000bfdc                fputs_unlocked@@GLIBC_2.4
                0x000000000000bfe8                strstr@@GLIBC_2.4
                0x000000000000bff4                gnu_dev_major@@GLIBC_2.4
                0x000000000000c000                ether_hostton@@GLIBC_2.4
                0x000000000000c00c                raise@@GLIBC_2.4
                0x000000000000c018                lutimes@@GLIBC_2.4
                0x000000000000c024                cfmakeraw@@GLIBC_2.4
                0x000000000000c030                vasprintf@@GLIBC_2.4
                0x000000000000c03c                sendfile64@@GLIBC_2.4
                0x000000000000c048                bindresvport@@GLIBC_2.4
                0x000000000000c054                gmtime_r@@GLIBC_2.4
                0x000000000000c060                log@@GLIBC_2.4
                0x000000000000c06c                strverscmp@@GLIBC_2.4
                0x000000000000c078                inet_aton@@GLIBC_2.4
                0x000000000000c084                fsync@@GLIBC_2.4
                0x000000000000c094                setbuf@@GLIBC_2.4
                0x000000000000c0a0                __res_init@@GLIBC_2.4
                0x000000000000c0ac                strcasestr@@GLIBC_2.4
                0x000000000000c0bc                strcmp@@GLIBC_2.4
                0x000000000000c0c8                strtol@@GLIBC_2.4
                0x000000000000c0d4                setsockopt@@GLIBC_2.4
                0x000000000000c0e0                strcspn@@GLIBC_2.4
                0x000000000000c0ec                times@@GLIBC_2.4
                0x000000000000c0fc                gnu_dev_makedev@@GLIBC_2.4
                0x000000000000c108                dprintf@@GLIBC_2.4
                0x000000000000c114                pause@@GLIBC_2.4
                0x000000000000c120                clearenv@@GLIBC_2.4
                0x000000000000c130                printf@@GLIBC_2.4
                0x000000000000c13c                hstrerror@@GLIBC_2.4
                0x000000000000c148                gnu_dev_minor@@GLIBC_2.4
                0x000000000000c154                getusershell@@GLIBC_2.4
                0x000000000000c160                regerror@@GLIBC_2.4
                0x000000000000c16c                setrlimit64@@GLIBC_2.4
                0x000000000000c178                read@@GLIBC_2.4
                0x000000000000c184                tcflush@@GLIBC_2.4
                0x000000000000c190                mktime@@GLIBC_2.4
                0x000000000000c19c                longjmp@@GLIBC_2.4
                0x000000000000c1ac                fflush@@GLIBC_2.4
                0x000000000000c1b8                utmpxname@@GLIBC_2.4
                0x000000000000c1c4                if_indextoname@@GLIBC_2.4
                0x000000000000c1d0                getuid@@GLIBC_2.4
                0x000000000000c1e0                sigprocmask@@GLIBC_2.4
                0x000000000000c1ec                _setjmp@@GLIBC_2.4
                0x000000000000c1f8                memmove@@GLIBC_2.4
                0x000000000000c204                strchrnul@@GLIBC_2.4
                0x000000000000c214                free@@GLIBC_2.4
                0x000000000000c220                pmap_set@@GLIBC_2.4
                0x000000000000c22c                nanosleep@@GLIBC_2.4
                0x000000000000c238                ferror@@GLIBC_2.4
                0x000000000000c244                inet_pton@@GLIBC_2.4
                0x000000000000c250                _exit@@GLIBC_2.4
                0x000000000000c25c                __res_state@@GLIBC_2.4
                0x000000000000c268                pututxline@@GLIBC_2.4
                0x000000000000c278                memcpy@@GLIBC_2.4
                0x000000000000c284                tcsendbreak@@GLIBC_2.4
                0x000000000000c290                pivot_root@@GLIBC_2.4
                0x000000000000c29c                execvp@@GLIBC_2.4
                0x000000000000c2a8                execlp@@GLIBC_2.4
                0x000000000000c2b4                mmap64@@GLIBC_2.4
                0x000000000000c2c0                shmget@@GLIBC_2.4
                0x000000000000c2cc                signal@@GLIBC_2.4
                0x000000000000c2dc                time@@GLIBC_2.4
                0x000000000000c2e8                rmdir@@GLIBC_2.4
                0x000000000000c2f4                gethostid@@GLIBC_2.4
                0x000000000000c300                tcsetpgrp@@GLIBC_2.4
                0x000000000000c30c                sendmsg@@GLIBC_2.4
                0x000000000000c318                pow@@GLIBC_2.4
                0x000000000000c324                ftruncate64@@GLIBC_2.4
                0x000000000000c330                memcmp@@GLIBC_2.4
                0x000000000000c33c                inet_ntoa@@GLIBC_2.4
                0x000000000000c348                select@@GLIBC_2.4
                0x000000000000c354                swapon@@GLIBC_2.4
                0x000000000000c364                sleep@@GLIBC_2.4
                0x000000000000c370                stpcpy@@GLIBC_2.4
                0x000000000000c37c                getc_unlocked@@GLIBC_2.4
                0x000000000000c388                uname@@GLIBC_2.4
                0x000000000000c394                ctime@@GLIBC_2.4
                0x000000000000c3a0                gethostbyaddr@@GLIBC_2.4
                0x000000000000c3ac                recvfrom@@GLIBC_2.4
                0x000000000000c3b8                strdup@@GLIBC_2.4
                0x000000000000c3c4                setutxent@@GLIBC_2.4
                0x000000000000c3d0                syncfs@@GLIBC_2.14
                0x000000000000c3dc                cfgetispeed@@GLIBC_2.4
                0x000000000000c3ec                alarm@@GLIBC_2.4
                0x000000000000c3f8                getrpcbyname@@GLIBC_2.4
                0x000000000000c404                msgctl@@GLIBC_2.4
                0x000000000000c414                sysconf@@GLIBC_2.4
                0x000000000000c424                unlink@@GLIBC_2.4
                0x000000000000c430                dup2@@GLIBC_2.4
                0x000000000000c43c                reboot@@GLIBC_2.4
                0x000000000000c448                getrlimit64@@GLIBC_2.4
                0x000000000000c454                realloc@@GLIBC_2.4
                0x000000000000c460                killpg@@GLIBC_2.4
                0x000000000000c46c                strptime@@GLIBC_2.4
                0x000000000000c478                dup@@GLIBC_2.4
                0x000000000000c484                socketpair@@GLIBC_2.4
                0x000000000000c490                atoll@@GLIBC_2.4
                0x000000000000c49c                getpriority@@GLIBC_2.4
                0x000000000000c4a8                sigismember@@GLIBC_2.4
                0x000000000000c4b4                regexec@@GLIBC_2.4
                0x000000000000c4c0                localtime_r@@GLIBC_2.4
                0x000000000000c4cc                wait@@GLIBC_2.4
                0x000000000000c4d8                getlogin_r@@GLIBC_2.4
                0x000000000000c4e4                shmat@@GLIBC_2.4
                0x000000000000c4f0                sigisemptyset@@GLIBC_2.4
                0x000000000000c4fc                chdir@@GLIBC_2.4
                0x000000000000c508                strcasecmp@@GLIBC_2.4
                0x000000000000c514                getpgrp@@GLIBC_2.4
                0x000000000000c520                unlockpt@@GLIBC_2.4
                0x000000000000c52c                geteuid@@GLIBC_2.4
                0x000000000000c538                strsignal@@GLIBC_2.4
                0x000000000000c544                tzset@@GLIBC_2.4
                0x000000000000c550                poll@@GLIBC_2.4
                0x000000000000c55c                accept@@GLIBC_2.4
                0x000000000000c568                setgroups@@GLIBC_2.4
                0x000000000000c578                cfsetospeed@@GLIBC_2.4
                0x000000000000c584                semop@@GLIBC_2.4
                0x000000000000c590                seteuid@@GLIBC_2.4
                0x000000000000c5a0                __fxstat64@@GLIBC_2.4
                0x000000000000c5ac                readlink@@GLIBC_2.4
                0x000000000000c5b8                getegid@@GLIBC_2.4
                0x000000000000c5c8                sigaction@@GLIBC_2.4
                0x000000000000c5d8                fwrite@@GLIBC_2.4
                0x000000000000c5e4                strcat@@GLIBC_2.4
                0x000000000000c5f0                getsockopt@@GLIBC_2.4
                0x000000000000c600                ioctl@@GLIBC_2.4
                0x000000000000c60c                sched_getscheduler@@GLIBC_2.4
                0x000000000000c618                lseek64@@GLIBC_2.4
                0x000000000000c624                regfree@@GLIBC_2.4
                0x000000000000c630                strtoll@@GLIBC_2.4
                0x000000000000c63c                usleep@@GLIBC_2.4
                0x000000000000c648                readahead@@GLIBC_2.4
                0x000000000000c654                waitpid@@GLIBC_2.4
                0x000000000000c660                hasmntopt@@GLIBC_2.4
                0x000000000000c670                tcsetattr@@GLIBC_2.4
                0x000000000000c67c                munlock@@GLIBC_2.4
                0x000000000000c688                strcpy@@GLIBC_2.4
                0x000000000000c694                chroot@@GLIBC_2.4
                0x000000000000c6a0                gettimeofday@@GLIBC_2.4
                0x000000000000c6ac                fread@@GLIBC_2.4
                0x000000000000c6b8                pread64@@GLIBC_2.4
                0x000000000000c6c4                sched_yield@@GLIBC_2.4
                0x000000000000c6d0                ptsname_r@@GLIBC_2.4
                0x000000000000c6dc                shmctl@@GLIBC_2.4
                0x000000000000c6e8                creat64@@GLIBC_2.4
                0x000000000000c6f4                strtok_r@@GLIBC_2.4
                0x000000000000c700                daemon@@GLIBC_2.4
                0x000000000000c70c                getmntent@@GLIBC_2.4
                0x000000000000c718                opendir@@GLIBC_2.4
                0x000000000000c724                umount2@@GLIBC_2.4
                0x000000000000c730                fnmatch@@GLIBC_2.4
                0x000000000000c73c                open64@@GLIBC_2.4
                0x000000000000c748                sched_get_priority_max@@GLIBC_2.4
                0x000000000000c754                getenv@@GLIBC_2.4
                0x000000000000c760                setpriority@@GLIBC_2.4
                0x000000000000c76c                mkstemp64@@GLIBC_2.4
                0x000000000000c77c                puts@@GLIBC_2.4
                0x000000000000c788                setgid@@GLIBC_2.4
                0x000000000000c794                sysinfo@@GLIBC_2.4
                0x000000000000c7a0                malloc@@GLIBC_2.4
                0x000000000000c7ac                settimeofday@@GLIBC_2.4
                0x000000000000c7bc                sigaddset@@GLIBC_2.4
                0x000000000000c7c8                __libc_start_main@@GLIBC_2.4
                0x000000000000c7d8                strerror@@GLIBC_2.4
                0x000000000000c7e4                system@@GLIBC_2.4
                0x000000000000c7f0                strftime@@GLIBC_2.4
                0x000000000000c7fc                tcdrain@@GLIBC_2.4
                0x000000000000c808                __h_errno_location@@GLIBC_2.4
                0x000000000000c814                adjtimex@@GLIBC_2.4
                0x000000000000c820                localtime@@GLIBC_2.4
                0x000000000000c82c                strsep@@GLIBC_2.4
                0x000000000000c838                mktemp@@GLIBC_2.4
                0x000000000000c844                scanf@@GLIBC_2.4
                0x000000000000c850                closelog@@GLIBC_2.4
                0x000000000000c85c                sethostname@@GLIBC_2.4
                0x000000000000c868                dirname@@GLIBC_2.4
                0x000000000000c880                freopen64@@GLIBC_2.4
                0x000000000000c88c                mempcpy@@GLIBC_2.4
                0x000000000000c898                rename@@GLIBC_2.4
                0x000000000000c8a4                getopt_long@@GLIBC_2.4
                0x000000000000c8b4                kill@@GLIBC_2.4
                0x000000000000c8c0                getcwd@@GLIBC_2.4
                0x000000000000c8cc                getpid@@GLIBC_2.4
                0x000000000000c8d8                exit@@GLIBC_2.4
                0x000000000000c8e4                syscall@@GLIBC_2.4
                0x000000000000c8f0                sin@@GLIBC_2.4
                0x000000000000c8fc                feof@@GLIBC_2.4
                0x000000000000c908                flock@@GLIBC_2.4
                0x000000000000c914                strtoul@@GLIBC_2.4
                0x000000000000c920                tcgetpgrp@@GLIBC_2.4
                0x000000000000c930                strlen@@GLIBC_2.4
                0x000000000000c93c                getchar_unlocked@@GLIBC_2.4
                0x000000000000c948                setsid@@GLIBC_2.4
                0x000000000000c954                vprintf@@GLIBC_2.4
                0x000000000000c960                setpgrp@@GLIBC_2.4
                0x000000000000c96c                sched_getparam@@GLIBC_2.4
                0x000000000000c978                strchr@@GLIBC_2.4
                0x000000000000c984                srand@@GLIBC_2.4
                0x000000000000c994                setenv@@GLIBC_2.4
                0x000000000000c9a0                personality@@GLIBC_2.4
                0x000000000000c9ac                memrchr@@GLIBC_2.4
                0x000000000000c9b8                ttyname_r@@GLIBC_2.4
                0x000000000000c9c4                fchown@@GLIBC_2.4
                0x000000000000c9d0                execve@@GLIBC_2.4
                0x000000000000c9dc                nice@@GLIBC_2.4
                0x000000000000c9e8                getopt@@GLIBC_2.4
                0x000000000000c9f4                fprintf@@GLIBC_2.4
                0x000000000000ca00                getpagesize@@GLIBC_2.4
                0x000000000000ca0c                cfsetispeed@@GLIBC_2.4
                0x000000000000ca1c                chown@@GLIBC_2.4
                0x000000000000ca28                ungetc@@GLIBC_2.4
                0x000000000000ca38                fcntl@@GLIBC_2.4
                0x000000000000ca44                setlinebuf@@GLIBC_2.4
                0x000000000000ca50                grantpt@@GLIBC_2.4
                0x000000000000ca5c                execv@@GLIBC_2.4
                0x000000000000ca68                sqrt@@GLIBC_2.4
                0x000000000000ca74                cfgetospeed@@GLIBC_2.4
                0x000000000000ca80                sigfillset@@GLIBC_2.4
                0x000000000000ca8c                __errno_location@@GLIBC_2.4
                0x000000000000ca9c                strncasecmp@@GLIBC_2.4
                0x000000000000caa8                getservbyname@@GLIBC_2.4
                0x000000000000cab4                klogctl@@GLIBC_2.4
                0x000000000000cac4                snprintf@@GLIBC_2.4
                0x000000000000cad4                __cxa_atexit@@GLIBC_2.4
                0x000000000000cae0                mkdir@@GLIBC_2.4
                0x000000000000caec                semget@@GLIBC_2.4
                0x000000000000caf8                bind@@GLIBC_2.4
                0x000000000000cb04                setvbuf@@GLIBC_2.4
                0x000000000000cb10                getservbyport@@GLIBC_2.4
                0x000000000000cb1c                getgid@@GLIBC_2.4
                0x000000000000cb2c                memset@@GLIBC_2.4
                0x000000000000cb38                getmntent_r@@GLIBC_2.4
                0x000000000000cb44                bsearch@@GLIBC_2.4
                0x000000000000cb50                sigtimedwait@@GLIBC_2.4
                0x000000000000cb5c                utimes@@GLIBC_2.4
                0x000000000000cb6c                strncpy@@GLIBC_2.4
                0x000000000000cb78                fscanf@@GLIBC_2.4
                0x000000000000cb84                mallopt@@GLIBC_2.4
                0x000000000000cb90                sigsuspend@@GLIBC_2.4
                0x000000000000cb9c                strtoull@@GLIBC_2.4
                0x000000000000cba8                gmtime@@GLIBC_2.4
                0x000000000000cbb4                wait3@@GLIBC_2.4
                0x000000000000cbc4                strtod@@GLIBC_2.4
                0x000000000000cbd0                link@@GLIBC_2.4
                0x000000000000cbe0                write@@GLIBC_2.4
                0x000000000000cbec                sigdelset@@GLIBC_2.4
                0x000000000000cbf8                fileno@@GLIBC_2.4
                0x000000000000cc04                mlock@@GLIBC_2.4
                0x000000000000cc10                asprintf@@GLIBC_2.4
                0x000000000000cc1c                getopt_long_only@@GLIBC_2.4
                0x000000000000cc28                ether_aton_r@@GLIBC_2.4
                0x000000000000cc34                shmdt@@GLIBC_2.4
                0x000000000000cc40                vfork@@GLIBC_2.4
                0x000000000000cc4c                memchr@@GLIBC_2.4
                0x000000000000cc58                vsprintf@@GLIBC_2.4
                0x000000000000cc64                access@@GLIBC_2.4
                0x000000000000cc70                rand@@GLIBC_2.4
                0x000000000000cc7c                setegid@@GLIBC_2.4
                0x000000000000cc8c                fclose@@GLIBC_2.4
                0x000000000000cc98                getsid@@GLIBC_2.4
                0x000000000000cca4                strnlen@@GLIBC_2.4
                0x000000000000ccb0                pipe@@GLIBC_2.4
                0x000000000000ccbc                pmap_unset@@GLIBC_2.4
                0x000000000000ccc8                fseeko64@@GLIBC_2.4
                0x000000000000ccd4                endmntent@@GLIBC_2.4
                0x000000000000cce0                ether_ntoa@@GLIBC_2.4
                0x000000000000ccec                munmap@@GLIBC_2.4
                0x000000000000ccf8                strtok@@GLIBC_2.4
                0x000000000000cd04                glob64@@GLIBC_2.4
                0x000000000000cd10                semctl@@GLIBC_2.4
                0x000000000000cd1c                sendto@@GLIBC_2.4
                0x000000000000cd28                shutdown@@GLIBC_2.4
                0x000000000000cd34                endutxent@@GLIBC_2.4
                0x000000000000cd40                sigemptyset@@GLIBC_2.4
                0x000000000000cd4c                popen@@GLIBC_2.4
                0x000000000000cd58                fork@@GLIBC_2.4
                0x000000000000cd64                execle@@GLIBC_2.4
                0x000000000000cd74                putenv@@GLIBC_2.4
                0x000000000000cd80                stime@@GLIBC_2.4
                0x000000000000cd8c                getnameinfo@@GLIBC_2.4
                0x000000000000cd98                execl@@GLIBC_2.4
                0x000000000000cda4                strrchr@@GLIBC_2.4
                0x000000000000cdb0                listen@@GLIBC_2.4
                0x000000000000cdbc                vfprintf@@GLIBC_2.4
                0x000000000000cdc8                delete_module@@GLIBC_2.4
                0x000000000000cdd4                statfs64@@GLIBC_2.4
                0x000000000000cde0                __sigsetjmp@@GLIBC_2.4
                0x000000000000cdec                lchown@@GLIBC_2.4
                0x000000000000cdf8                malloc_trim@@GLIBC_2.4
                0x000000000000ce04                fputc@@GLIBC_2.4
                0x000000000000ce10                globfree64@@GLIBC_2.4
                0x000000000000ce1c                syslog@@GLIBC_2.4
                0x000000000000ce28                setresuid@@GLIBC_2.4
                0x000000000000ce34                symlink@@GLIBC_2.4
                0x000000000000ce40                updwtmpx@@GLIBC_2.4
                0x000000000000ce4c                setuid@@GLIBC_2.4
                0x000000000000ce58                sscanf@@GLIBC_2.4
                0x000000000000ce64                setpgid@@GLIBC_2.4
                0x000000000000ce70                clearerr@@GLIBC_2.4
                0x000000000000ce80                sprintf@@GLIBC_2.4
                0x000000000000ce8c                readdir64@@GLIBC_2.4
                0x000000000000ce98                mkdtemp@@GLIBC_2.4
                0x000000000000cea4                openlog@@GLIBC_2.4
                0x000000000000ceb0                regcomp@@GLIBC_2.4
                0x000000000000cebc                getgroups@@GLIBC_2.4
                0x000000000000cec8                exp@@GLIBC_2.4
                0x000000000000ced4                init_module@@GLIBC_2.4
                0x000000000000cee0                getsockname@@GLIBC_2.4
                0x000000000000ceec                vsnprintf@@GLIBC_2.4
                0x000000000000cef8                getppid@@GLIBC_2.4
                0x000000000000cf08                atoi@@GLIBC_2.4
                0x000000000000cf14                recvmsg@@GLIBC_2.4
                0x000000000000cf20                fchdir@@GLIBC_2.4
                0x000000000000cf30                fopen64@@GLIBC_2.4
                0x000000000000cf40                qsort@@GLIBC_2.4
                0x000000000000cf4c                getpeername@@GLIBC_2.4
                0x000000000000cf58                strpbrk@@GLIBC_2.4
                0x000000000000cf64                msgget@@GLIBC_2.4
                0x000000000000cf70                freeaddrinfo@@GLIBC_2.4
                0x000000000000cf7c                getaddrinfo@@GLIBC_2.4
                0x000000000000cf88                acct@@GLIBC_2.4
                0x000000000000cf98                inet_ntop@@GLIBC_2.4
                0x000000000000cfa4                fgets_unlocked@@GLIBC_2.4
                0x000000000000cfb0                socket@@GLIBC_2.4
                0x000000000000cfbc                setmntent@@GLIBC_2.4
                0x000000000000cfc8                cfsetspeed@@GLIBC_2.4
                0x000000000000cfd4                atof@@GLIBC_2.4
                0x000000000000cfe0                inet_addr@@GLIBC_2.4
                0x000000000000cfec                __cmsg_nxthdr@@GLIBC_2.4
                0x000000000000cffc                sync@@GLIBC_2.4
                0x000000000000d008                getline@@GLIBC_2.4
                0x000000000000d014                if_nametoindex@@GLIBC_2.4
                0x000000000000d024                umask@@GLIBC_2.4
                0x000000000000d030                swapoff@@GLIBC_2.4
                0x000000000000d03c                chmod@@GLIBC_2.4
                0x000000000000d048                gethostbyname@@GLIBC_2.4
                0x000000000000d058                __xstat64@@GLIBC_2.4
                0x000000000000d064                isatty@@GLIBC_2.4
                0x000000000000d070                __xmknod@@GLIBC_2.4
                0x000000000000d080                unsetenv@@GLIBC_2.4
                0x000000000000d08c                fputs@@GLIBC_2.4
                0x000000000000d09c                strncmp@@GLIBC_2.4
                0x000000000000d0a8                fdatasync@@GLIBC_2.4
                0x000000000000d0b4                abort@@GLIBC_2.4
                0x000000000000d0c0                getutxent@@GLIBC_2.4
                0x000000000000d0d0                recv@@GLIBC_2.4
                0x000000000000d0e0                realpath@@GLIBC_2.4
                0x000000000000d0ec                siglongjmp@@GLIBC_2.4
                0x000000000000d0fc                close@@GLIBC_2.4
                0x000000000000d10c                __lxstat64@@GLIBC_2.4
                0x000000000000d118                setresgid@@GLIBC_2.4
                0x000000000000d124                mkfifo@@GLIBC_2.4
                0x000000000000d130                send@@GLIBC_2.4
                0x000000000000d13c                connect@@GLIBC_2.4
                0x000000000000d14c                closedir@@GLIBC_2.4
                0x000000000000d158                div@@GLIBC_2.4
                0x000000000000d164                atan2@@GLIBC_2.4
                0x000000000000d170                sched_setscheduler@@GLIBC_2.4
                0x000000000000d180                putchar_unlocked@@GLIBC_2.4
                0x000000000000d18c                strspn@@GLIBC_2.4
                0x000000000000d198                fchmod@@GLIBC_2.4
                0x000000000000d1a4                cos@@GLIBC_2.4
                0x000000000000d1b0                tcgetattr@@GLIBC_2.4
                0x000000000000d1c0                putc_unlocked@@GLIBC_2.4
                0x000000000000d1cc                tcgetsid@@GLIBC_2.4
                0x000000000000d1d8                ftello64@@GLIBC_2.4
                0x000000000000d1e4                pclose@@GLIBC_2.4
                0x000000000000d1f0                mount@@GLIBC_2.4

.iplt           0x000000000000d1fc        0x0
 *(SORT(.iplt))
 .iplt          0x0000000000000000        0x0 /usr/local/linaro/arm-linux-gnueabihf/bin/../arm-linux-gnueabihf/libc/usr/lib/arm-linux-gnueabihf/crt1.o

.text           0x000000000000d200    0x75d8e
 *(SORT(.text.unlikely) SORT(.text.*_unlikely) SORT(.text.unlikely.*))
 *(SORT(.text.exit) SORT(.text.exit.*))
 *(SORT(.text.startup) SORT(.text.startup.*))
 *(SORT(.text.hot) SORT(.text.hot.*))
 *(SORT(.text) SORT(.stub) SORT(.text.*) SORT(.gnu.linkonce.t.*))
 .text.brctl_main
                0x000000000000d200      0x370 networking/lib.a(brctl.o)
                0x000000000000d200                brctl_main
 .text.filter_datapoints
                0x000000000000d570       0xd8 networking/lib.a(ntpd.o)
 .text.gettime1900d
                0x000000000000d648       0x50 networking/lib.a(ntpd.o)
 .text.ntp_init
                0x000000000000d698      0x190 networking/lib.a(ntpd.o)
 .text.step_time
                0x000000000000d828      0x128 networking/lib.a(ntpd.o)
 .text.update_local_clock
                0x000000000000d950      0x278 networking/lib.a(ntpd.o)
 .text.recv_and_process_client_pkt
                0x000000000000dbc8      0x248 networking/lib.a(ntpd.o)
 .text.recv_and_process_peer_pkt
                0x000000000000de10      0x6a8 networking/lib.a(ntpd.o)
 .text.ntpd_main
                0x000000000000e4b8      0x360 networking/lib.a(ntpd.o)
                0x000000000000e4b8                ntpd_main
 .text.iostat_main
                0x000000000000e818      0x718 procps/lib.a(iostat.o)
                0x000000000000e818                iostat_main
 .text.write_stats_core
                0x000000000000ef30      0x528 procps/lib.a(mpstat.o)
 .text.powertop_main
                0x000000000000f458      0x4e8 procps/lib.a(powertop.o)
                0x000000000000f458                powertop_main
 .text.showmode
                0x000000000000f940      0x120 util-linux/lib.a(fbset.o)
 .text.script_main
                0x000000000000fa60      0x328 util-linux/lib.a(script.o)
                0x000000000000fa60                script_main
 .text.scriptreplay_main
                0x000000000000fd88       0x88 util-linux/lib.a(scriptreplay.o)
                0x000000000000fd88                scriptreplay_main
 .text.dd_output_status
                0x000000000000fe10       0xe0 coreutils/lib.a(dd.o)
 .text.sleep_main
                0x000000000000fef0      0x130 coreutils/lib.a(sleep.o)
                0x000000000000fef0                sleep_main
 .text.evaluate
                0x0000000000010020      0xa60 editors/lib.a(awk.o)
 .text.awk_main
                0x0000000000010a80      0x358 editors/lib.a(awk.o)
                0x0000000000010a80                awk_main
 .text.bootchartd_main
                0x0000000000010dd8      0x3b0 init/lib.a(bootchartd.o)
                0x0000000000010dd8                bootchartd_main
 .text          0x0000000000011188      0x278 /usr/local/linaro/arm-linux-gnueabihf/bin/../lib/gcc/arm-linux-gnueabihf/4.8.3/libgcc.a(_udivsi3.o)
                0x0000000000011188                __aeabi_uidiv
                0x0000000000011188                __udivsi3
                0x00000000000113e4                __aeabi_uidivmod
 .text          0x0000000000011400      0x2b0 /usr/local/linaro/arm-linux-gnueabihf/bin/../lib/gcc/arm-linux-gnueabihf/4.8.3/libgcc.a(_divsi3.o)
                0x0000000000011400                __divsi3
                0x0000000000011400                __aeabi_idiv
                0x0000000000011694                __aeabi_idivmod
 .text          0x00000000000116b0       0x48 /usr/local/linaro/arm-linux-gnueabihf/bin/../lib/gcc/arm-linux-gnueabihf/4.8.3/libgcc.a(_fixunsdfdi.o)
                0x00000000000116b0                __aeabi_d2ulz
                0x00000000000116b0                __fixunsdfdi
 .text          0x00000000000116f8       0x30 /usr/local/linaro/arm-linux-gnueabihf/bin/../arm-linux-gnueabihf/libc/usr/lib/arm-linux-gnueabihf/crt1.o
                0x00000000000116f8                _start
 .text          0x0000000000011728       0x24 /usr/local/linaro/arm-linux-gnueabihf/bin/../arm-linux-gnueabihf/libc/usr/lib/arm-linux-gnueabihf/crti.o
 .text          0x000000000001174c       0x88 /usr/local/linaro/arm-linux-gnueabihf/bin/../lib/gcc/arm-linux-gnueabihf/4.8.3/crtbegin.o
 .text.applet_name_compare
                0x00000000000117d4       0x1c libbb/lib.a(appletlib.o)
 .text.find_applet_by_name
                0x00000000000117f0       0x20 libbb/lib.a(appletlib.o)
                0x00000000000117f0                find_applet_by_name
 .text.bb_show_usage
                0x0000000000011810       0xac libbb/lib.a(appletlib.o)
                0x0000000000011810                bb_show_usage
 .text.parse_config_file
                0x00000000000118bc      0x204 libbb/lib.a(appletlib.o)
 .text.lbb_prepare
                0x0000000000011ac0       0x1c libbb/lib.a(appletlib.o)
                0x0000000000011ac0                lbb_prepare
 .text.run_applet_no_and_exit
                0x0000000000011adc      0x16c libbb/lib.a(appletlib.o)
                0x0000000000011adc                run_applet_no_and_exit
 .text.run_applet_and_exit
                0x0000000000011c48      0x258 libbb/lib.a(appletlib.o)
                0x0000000000011c48                run_applet_and_exit
 .text.main     0x0000000000011ea0       0x64 libbb/lib.a(appletlib.o)
                0x0000000000011ea0                main
 .text.concat_path_file
                0x0000000000011f04       0x44 libbb/lib.a(concat_path_file.o)
                0x0000000000011f04                concat_path_file
 .text.bb_perror_msg
                0x0000000000011f48       0x30 libbb/lib.a(perror_msg.o)
                0x0000000000011f48                bb_perror_msg
 .text.bb_perror_msg_and_die
                0x0000000000011f78       0x2c libbb/lib.a(perror_msg.o)
                0x0000000000011f78                bb_perror_msg_and_die
 .text.bb_simple_perror_msg
                0x0000000000011fa4        0xc libbb/lib.a(perror_msg.o)
                0x0000000000011fa4                bb_simple_perror_msg
 .text.bb_simple_perror_msg_and_die
                0x0000000000011fb0       0x10 libbb/lib.a(perror_msg.o)
                0x0000000000011fb0                bb_simple_perror_msg_and_die
 .text.skip_dev_pfx
                0x0000000000011fc0       0x18 libbb/lib.a(skip_whitespace.o)
                0x0000000000011fc0                skip_dev_pfx
 .text.bb_verror_msg
                0x0000000000011fd8      0x128 libbb/lib.a(verror_msg.o)
                0x0000000000011fd8                bb_verror_msg
 .text.xfdopen_helper
                0x0000000000012100       0x2c libbb/lib.a(wfopen.o)
 .text.fopen_for_read
                0x000000000001212c        0xc libbb/lib.a(wfopen.o)
                0x000000000001212c                fopen_for_read
 .text.xfopen_for_read
                0x0000000000012138        0xc libbb/lib.a(wfopen.o)
                0x0000000000012138                xfopen_for_read
 .text.fopen_for_write
                0x0000000000012144        0xc libbb/lib.a(wfopen.o)
                0x0000000000012144                fopen_for_write
 .text.xfopen_for_write
                0x0000000000012150        0xc libbb/lib.a(wfopen.o)
                0x0000000000012150                xfopen_for_write
 .text.xfunc_die
                0x000000000001215c       0x1c libbb/lib.a(xfunc_die.o)
                0x000000000001215c                xfunc_die
 .text.utoa_to_buf
                0x0000000000012178       0x64 libbb/lib.a(xfuncs.o)
                0x0000000000012178                utoa_to_buf
 .text.utoa     0x00000000000121dc       0x18 libbb/lib.a(xfuncs.o)
                0x00000000000121dc                utoa
 .text.itoa     0x00000000000121f4       0x18 libbb/lib.a(xfuncs.o)
                0x00000000000121f4                itoa
 .text.bin2hex  0x000000000001220c       0x3c libbb/lib.a(xfuncs.o)
                0x000000000001220c                bin2hex
 .text.hex2bin  0x0000000000012248       0x84 libbb/lib.a(xfuncs.o)
                0x0000000000012248                hex2bin
 .text.get_terminal_width_height
                0x00000000000122cc       0x84 libbb/lib.a(xfuncs.o)
                0x00000000000122cc                get_terminal_width_height
 .text.safe_waitpid
                0x0000000000012350       0x28 libbb/lib.a(xfuncs.o)
                0x0000000000012350                safe_waitpid
 .text.malloc_or_warn
                0x0000000000012378       0x1c libbb/lib.a(xfuncs_printf.o)
                0x0000000000012378                malloc_or_warn
 .text.xmalloc  0x0000000000012394       0x18 libbb/lib.a(xfuncs_printf.o)
                0x0000000000012394                xmalloc
 .text.xrealloc
                0x00000000000123ac       0x18 libbb/lib.a(xfuncs_printf.o)
                0x00000000000123ac                xrealloc
 .text.xstrdup  0x00000000000123c4       0x18 libbb/lib.a(xfuncs_printf.o)
                0x00000000000123c4                xstrdup
 .text.xfopen   0x00000000000123dc       0x18 libbb/lib.a(xfuncs_printf.o)
                0x00000000000123dc                xfopen
 .text.xopen3   0x00000000000123f4       0x1c libbb/lib.a(xfuncs_printf.o)
                0x00000000000123f4                xopen3
 .text.open3_or_warn
                0x0000000000012410       0x1c libbb/lib.a(xfuncs_printf.o)
                0x0000000000012410                open3_or_warn
 .text.xunlink  0x000000000001242c       0x18 libbb/lib.a(xfuncs_printf.o)
                0x000000000001242c                xunlink
 .text.xrename  0x0000000000012444       0x1c libbb/lib.a(xfuncs_printf.o)
                0x0000000000012444                xrename
 .text.rename_or_warn
                0x0000000000012460       0x20 libbb/lib.a(xfuncs_printf.o)
                0x0000000000012460                rename_or_warn
 .text.xpipe    0x0000000000012480       0x14 libbb/lib.a(xfuncs_printf.o)
                0x0000000000012480                xpipe
 .text.xdup2    0x0000000000012494       0x18 libbb/lib.a(xfuncs_printf.o)
                0x0000000000012494                xdup2
 .text.xwrite   0x00000000000124ac       0x1c libbb/lib.a(xfuncs_printf.o)
                0x00000000000124ac                xwrite
 .text.xclose   0x00000000000124c8       0x14 libbb/lib.a(xfuncs_printf.o)
                0x00000000000124c8                xclose
 .text.xlseek   0x00000000000124dc       0x38 libbb/lib.a(xfuncs_printf.o)
                0x00000000000124dc                xlseek
 .text.xmkstemp
                0x0000000000012514       0x1c libbb/lib.a(xfuncs_printf.o)
                0x0000000000012514                xmkstemp
 .text.die_if_ferror
                0x0000000000012530       0x18 libbb/lib.a(xfuncs_printf.o)
                0x0000000000012530                die_if_ferror
 .text.die_if_ferror_stdout
                0x0000000000012548       0x14 libbb/lib.a(xfuncs_printf.o)
                0x0000000000012548                die_if_ferror_stdout
 .text.xasprintf
                0x000000000001255c       0x2c libbb/lib.a(xfuncs_printf.o)
                0x000000000001255c                xasprintf
 .text.xsetenv  0x0000000000012588       0x18 libbb/lib.a(xfuncs_printf.o)
                0x0000000000012588                xsetenv
 .text.xsetgid  0x00000000000125a0       0x14 libbb/lib.a(xfuncs_printf.o)
                0x00000000000125a0                xsetgid
 .text.xsetuid  0x00000000000125b4       0x14 libbb/lib.a(xfuncs_printf.o)
                0x00000000000125b4                xsetuid
 .text.xsetegid
                0x00000000000125c8       0x14 libbb/lib.a(xfuncs_printf.o)
                0x00000000000125c8                xsetegid
 .text.xseteuid
                0x00000000000125dc       0x14 libbb/lib.a(xfuncs_printf.o)
                0x00000000000125dc                xseteuid
 .text.xchdir   0x00000000000125f0       0x18 libbb/lib.a(xfuncs_printf.o)
                0x00000000000125f0                xchdir
 .text.xchroot  0x0000000000012608       0x24 libbb/lib.a(xfuncs_printf.o)
                0x0000000000012608                xchroot
 .text.warn_opendir
                0x000000000001262c       0x1c libbb/lib.a(xfuncs_printf.o)
                0x000000000001262c                warn_opendir
 .text.xopendir
                0x0000000000012648       0x18 libbb/lib.a(xfuncs_printf.o)
                0x0000000000012648                xopendir
 .text.xsocket  0x0000000000012660       0x18 libbb/lib.a(xfuncs_printf.o)
                0x0000000000012660                xsocket
 .text.xbind    0x0000000000012678       0x14 libbb/lib.a(xfuncs_printf.o)
                0x0000000000012678                xbind
 .text.xlisten  0x000000000001268c       0x14 libbb/lib.a(xfuncs_printf.o)
                0x000000000001268c                xlisten
 .text.xsendto  0x00000000000126a0       0x24 libbb/lib.a(xfuncs_printf.o)
                0x00000000000126a0                xsendto
 .text.xstat    0x00000000000126c4       0x18 libbb/lib.a(xfuncs_printf.o)
                0x00000000000126c4                xstat
 .text.ioctl_or_perror_and_die
                0x00000000000126dc       0x38 libbb/lib.a(xfuncs_printf.o)
                0x00000000000126dc                ioctl_or_perror_and_die
 .text.ioctl_or_perror
                0x0000000000012714       0x34 libbb/lib.a(xfuncs_printf.o)
                0x0000000000012714                ioctl_or_perror
 .text.generate_uuid
                0x0000000000012748       0x6c libbb/lib.a(xfuncs_printf.o)
                0x0000000000012748                generate_uuid
 .text.xfork    0x00000000000127b4       0x18 libbb/lib.a(xfuncs_printf.o)
                0x00000000000127b4                xfork
 .text.xmalloc_follow_symlinks
                0x00000000000127cc       0x78 libbb/lib.a(xreadlink.o)
                0x00000000000127cc                xmalloc_follow_symlinks
 .text.xmalloc_readlink_or_warn
                0x0000000000012844       0x38 libbb/lib.a(xreadlink.o)
                0x0000000000012844                xmalloc_readlink_or_warn
 .text.bb_full_fd_action
                0x000000000001287c      0x110 libbb/lib.a(copyfd.o)
 .text.bb_copyfd_exact_size
                0x000000000001298c       0x40 libbb/lib.a(copyfd.o)
                0x000000000001298c                bb_copyfd_exact_size
 .text.safe_read
                0x00000000000129cc       0x28 libbb/lib.a(read.o)
                0x00000000000129cc                safe_read
 .text.safe_write
                0x00000000000129f4       0x28 libbb/lib.a(safe_write.o)
                0x00000000000129f4                safe_write
 .text.parse_datestr
                0x0000000000012a1c      0x2ec libbb/lib.a(time.o)
                0x0000000000012a1c                parse_datestr
 .text.validate_tm_time
                0x0000000000012d08       0x1c libbb/lib.a(time.o)
                0x0000000000012d08                validate_tm_time
 .text.strftime_HHMMSS
                0x0000000000012d24       0x2c libbb/lib.a(time.o)
                0x0000000000012d24                strftime_HHMMSS
 .text.strftime_YYYYMMDDHHMMSS
                0x0000000000012d50       0x2c libbb/lib.a(time.o)
                0x0000000000012d50                strftime_YYYYMMDDHHMMSS
 .text.monotonic_us
                0x0000000000012d7c       0x20 libbb/lib.a(time.o)
                0x0000000000012d7c                monotonic_us
 .text.handle_errors.isra.0
                0x0000000000012d9c       0x38 libbb/lib.a(bb_strtonum.o)
 .text.bb_strtoull
                0x0000000000012dd4       0x48 libbb/lib.a(bb_strtonum.o)
                0x0000000000012dd4                bb_strtoull
 .text.bb_strtoll
                0x0000000000012e1c       0x54 libbb/lib.a(bb_strtonum.o)
                0x0000000000012e1c                bb_strtoll
 .text.bb_strtoul
                0x0000000000012e70       0x48 libbb/lib.a(bb_strtonum.o)
                0x0000000000012e70                bb_strtoul
 .text.bb_strtol
                0x0000000000012eb8       0x50 libbb/lib.a(bb_strtonum.o)
                0x0000000000012eb8                bb_strtol
 .text.get_S    0x0000000000012f08       0x7c libpwdgrp/lib.a(pwd_grp.o)
 .text.tokenize
                0x0000000000012f84       0x7c libpwdgrp/lib.a(pwd_grp.o)
 .text.parse_common
                0x0000000000013000       0x94 libpwdgrp/lib.a(pwd_grp.o)
 .text.convert_to_struct
                0x0000000000013094       0xec libpwdgrp/lib.a(pwd_grp.o)
 .text.massage_data_for_r_func
                0x0000000000013180       0x58 libpwdgrp/lib.a(pwd_grp.o)
 .text.massage_data_for_non_r_func
                0x00000000000131d8       0x48 libpwdgrp/lib.a(pwd_grp.o)
 .text.getgrouplist_internal
                0x0000000000013220       0xa0 libpwdgrp/lib.a(pwd_grp.o)
 .text.bb_internal_endgrent
                0x00000000000132c0       0x1c libpwdgrp/lib.a(pwd_grp.o)
                0x00000000000132c0                bb_internal_endgrent
 .text.get_uidgid
                0x00000000000132dc       0xac libpwdgrp/lib.a(uidgid_get.o)
                0x00000000000132dc                get_uidgid
 .text.xget_uidgid
                0x0000000000013388       0x1c libpwdgrp/lib.a(uidgid_get.o)
                0x0000000000013388                xget_uidgid
 .text.parse_chown_usergroup_or_die
                0x00000000000133a4       0x54 libpwdgrp/lib.a(uidgid_get.o)
                0x00000000000133a4                parse_chown_usergroup_or_die
 .text.add_remove_shell_main
                0x00000000000133f8       0xe8 loginutils/lib.a(add-remove-shell.o)
                0x00000000000133f8                add_remove_shell_main
 .text.addgroup_main
                0x00000000000134e0      0x184 loginutils/lib.a(addgroup.o)
                0x00000000000134e0                addgroup_main
 .text.addgroup_wrapper
                0x0000000000013664       0x48 loginutils/lib.a(adduser.o)
 .text.adduser_main
                0x00000000000136ac      0x2b8 loginutils/lib.a(adduser.o)
                0x00000000000136ac                adduser_main
 .text.chpasswd_main
                0x0000000000013964      0x120 loginutils/lib.a(chpasswd.o)
                0x0000000000013964                chpasswd_main
 .text.cryptpw_main
                0x0000000000013a84       0xc0 loginutils/lib.a(cryptpw.o)
                0x0000000000013a84                cryptpw_main
 .text.deluser_main
                0x0000000000013b44      0x120 loginutils/lib.a(deluser.o)
                0x0000000000013b44                deluser_main
 .text.set_tty_attrs
                0x0000000000013c64       0x20 loginutils/lib.a(getty.o)
 .text.finalize_tty_attrs
                0x0000000000013c84       0x68 loginutils/lib.a(getty.o)
 .text.getty_main
                0x0000000000013cec      0x524 loginutils/lib.a(getty.o)
                0x0000000000013cec                getty_main
 .text.alarm_handler
                0x0000000000014210       0x30 loginutils/lib.a(login.o)
 .text.login_main
                0x0000000000014240      0x3a4 loginutils/lib.a(login.o)
                0x0000000000014240                login_main
 .text.passwd_main
                0x00000000000145e4      0x2f8 loginutils/lib.a(passwd.o)
                0x00000000000145e4                passwd_main
 .text.su_main  0x00000000000148dc      0x180 loginutils/lib.a(su.o)
                0x00000000000148dc                su_main
 .text.sulogin_main
                0x0000000000014a5c      0x11c loginutils/lib.a(sulogin.o)
                0x0000000000014a5c                sulogin_main
 .text.release_vt
                0x0000000000014b78       0x18 loginutils/lib.a(vlock.o)
 .text.vlock_main
                0x0000000000014b90      0x148 loginutils/lib.a(vlock.o)
                0x0000000000014b90                vlock_main
 .text.makemime_main
                0x0000000000014cd8      0x12c mailutils/lib.a(makemime.o)
                0x0000000000014cd8                makemime_main
 .text.pop3_checkr
                0x0000000000014e04       0x64 mailutils/lib.a(popmaildir.o)
 .text.popmaildir_main
                0x0000000000014e68      0x2b0 mailutils/lib.a(popmaildir.o)
                0x0000000000014e68                popmaildir_main
 .text.parse    0x0000000000015118      0x2ec mailutils/lib.a(reformime.o)
 .text.reformime_main
                0x0000000000015404       0x78 mailutils/lib.a(reformime.o)
                0x0000000000015404                reformime_main
 .text.smtp_checkp
                0x000000000001547c       0x94 mailutils/lib.a(sendmail.o)
 .text.rcptto   0x0000000000015510       0x30 mailutils/lib.a(sendmail.o)
 .text.sane_address
                0x0000000000015540       0x44 mailutils/lib.a(sendmail.o)
 .text.send_r_n
                0x0000000000015584       0x2c mailutils/lib.a(sendmail.o)
 .text.sendmail_main
                0x00000000000155b0      0x3a4 mailutils/lib.a(sendmail.o)
                0x00000000000155b0                sendmail_main
 .text.kill_helper
                0x0000000000015954       0x1c mailutils/lib.a(mail.o)
 .text.signal_handler
                0x0000000000015970       0x5c mailutils/lib.a(mail.o)
 .text.launch_helper
                0x00000000000159cc       0xb0 mailutils/lib.a(mail.o)
                0x00000000000159cc                launch_helper
 .text.send_mail_command
                0x0000000000015a7c       0x48 mailutils/lib.a(mail.o)
                0x0000000000015a7c                send_mail_command
 .text.encode_base64
                0x0000000000015ac4       0xb4 mailutils/lib.a(mail.o)
                0x0000000000015ac4                encode_base64
 .text.get_cred_or_die
                0x0000000000015b78       0x70 mailutils/lib.a(mail.o)
                0x0000000000015b78                get_cred_or_die
 .text.adjtimex_main
                0x0000000000015be8      0x12c miscutils/lib.a(adjtimex.o)
                0x0000000000015be8                adjtimex_main
 .text.beep_main
                0x0000000000015d14       0xf4 miscutils/lib.a(beep.o)
                0x0000000000015d14                beep_main
 .text.signal_handler
                0x0000000000015e08        0xc miscutils/lib.a(chat.o)
 .text.chat_main
                0x0000000000015e14      0x3d0 miscutils/lib.a(chat.o)
                0x0000000000015e14                chat_main
 .text.show_min_max
                0x00000000000161e4       0x40 miscutils/lib.a(chrt.o)
 .text.chrt_main
                0x0000000000016224      0x138 miscutils/lib.a(chrt.o)
                0x0000000000016224                chrt_main
 .text.create_cdev_if_doesnt_exist
                0x000000000001635c       0x3c miscutils/lib.a(conspy.o)
 .text.start_shell_in_child
                0x0000000000016398       0xac miscutils/lib.a(conspy.o)
 .text.putcsi   0x0000000000016444       0x24 miscutils/lib.a(conspy.o)
 .text.set_cursor
                0x0000000000016468       0x34 miscutils/lib.a(conspy.o)
 .text.gotoxy   0x000000000001649c       0x2c miscutils/lib.a(conspy.o)
 .text.screen_char
                0x00000000000164c8       0xdc miscutils/lib.a(conspy.o)
 .text.screen_dump
                0x00000000000165a4       0x94 miscutils/lib.a(conspy.o)
 .text.cleanup  0x0000000000016638       0x48 miscutils/lib.a(conspy.o)
 .text.screen_read_close
                0x0000000000016680       0xc0 miscutils/lib.a(conspy.o)
 .text.conspy_main
                0x0000000000016740      0x3e0 miscutils/lib.a(conspy.o)
                0x0000000000016740                conspy_main
 .text.crondlog
                0x0000000000016b20       0x2c miscutils/lib.a(crond.o)
 .text.reopen_logfile_to_stderr
                0x0000000000016b4c       0x24 miscutils/lib.a(crond.o)
 .text.delete_cronfile
                0x0000000000016b70       0x68 miscutils/lib.a(crond.o)
 .text.ParseField
                0x0000000000016bd8      0x154 miscutils/lib.a(crond.o)
 .text.fork_job
                0x0000000000016d2c      0x148 miscutils/lib.a(crond.o)
 .text.log7.constprop.0
                0x0000000000016e74       0x20 miscutils/lib.a(crond.o)
 .text.load_crontab
                0x0000000000016e94      0x22c miscutils/lib.a(crond.o)
 .text.rescan_crontab_dir
                0x00000000000170c0       0x74 miscutils/lib.a(crond.o)
 .text.crond_main
                0x0000000000017134      0x428 miscutils/lib.a(crond.o)
                0x0000000000017134                crond_main
 .text.edit_file
                0x000000000001755c       0x70 miscutils/lib.a(crontab.o)
 .text.crontab_main
                0x00000000000175cc      0x1c0 miscutils/lib.a(crontab.o)
                0x00000000000175cc                crontab_main
 .text.pop      0x000000000001778c       0x2c miscutils/lib.a(dc.o)
 .text.push     0x00000000000177b8       0x34 miscutils/lib.a(dc.o)
 .text.stack_machine
                0x00000000000177ec       0x5c miscutils/lib.a(dc.o)
 .text.set_output_base
                0x0000000000017848       0x40 miscutils/lib.a(dc.o)
 .text.print_base
                0x0000000000017888       0xcc miscutils/lib.a(dc.o)
 .text.print_stack_no_pop
                0x0000000000017954       0x28 miscutils/lib.a(dc.o)
 .text.print_no_pop
                0x000000000001797c       0x2c miscutils/lib.a(dc.o)
 .text.dc_main  0x00000000000179a8       0x48 miscutils/lib.a(dc.o)
                0x00000000000179a8                dc_main
 .text.devmem_main
                0x00000000000179f0      0x18c miscutils/lib.a(devmem.o)
                0x00000000000179f0                devmem_main
 .text.eject_main
                0x0000000000017b7c      0x110 miscutils/lib.a(eject.o)
                0x0000000000017b7c                eject_main
 .text.fb_pixel_value
                0x0000000000017c8c       0x58 miscutils/lib.a(fbsplash.o)
 .text.fb_write_pixel
                0x0000000000017ce4       0x30 miscutils/lib.a(fbsplash.o)
 .text.fb_drawfullrectangle
                0x0000000000017d14       0x60 miscutils/lib.a(fbsplash.o)
 .text.fb_drawprogressbar
                0x0000000000017d74      0x164 miscutils/lib.a(fbsplash.o)
 .text.fb_setpal
                0x0000000000017ed8       0x64 miscutils/lib.a(fbsplash.o)
 .text.fbsplash_main
                0x0000000000017f3c      0x300 miscutils/lib.a(fbsplash.o)
                0x0000000000017f3c                fbsplash_main
 .text.parse_opts
                0x000000000001823c       0x1c miscutils/lib.a(hdparm.o)
 .text.translate_xfermode
                0x0000000000018258       0x54 miscutils/lib.a(hdparm.o)
 .text.xprint_ascii
                0x00000000000182ac       0x50 miscutils/lib.a(hdparm.o)
 .text.mode_loop
                0x00000000000182fc       0x5c miscutils/lib.a(hdparm.o)
 .text.print_flag
                0x0000000000018358       0x10 miscutils/lib.a(hdparm.o)
 .text.on_off   0x0000000000018368       0x18 miscutils/lib.a(hdparm.o)
 .text.print_flag_on_off
                0x0000000000018380       0x1c miscutils/lib.a(hdparm.o)
 .text.print_value_on_off
                0x000000000001839c       0x24 miscutils/lib.a(hdparm.o)
 .text.identify
                0x00000000000183c0      0xd0c miscutils/lib.a(hdparm.o)
 .text.identify_from_stdin
                0x00000000000190cc       0x64 miscutils/lib.a(hdparm.o)
 .text.dump_identity
                0x0000000000019130      0x380 miscutils/lib.a(hdparm.o)
 .text.flush_buffer_cache
                0x00000000000194b0       0x4c miscutils/lib.a(hdparm.o)
 .text.do_time  0x00000000000194fc      0x164 miscutils/lib.a(hdparm.o)
 .text.ioctl_alt_func.constprop.0
                0x0000000000019660       0x30 miscutils/lib.a(hdparm.o)
 .text.bus_state_value
                0x0000000000019690       0x30 miscutils/lib.a(hdparm.o)
 .text.process_dev
                0x00000000000196c0      0x9f4 miscutils/lib.a(hdparm.o)
 .text.hdparm_main
                0x000000000001a0b4      0x3c0 miscutils/lib.a(hdparm.o)
                0x000000000001a0b4                hdparm_main
 .text.i2c_bus_lookup
                0x000000000001a474       0x10 miscutils/lib.a(i2c_tools.o)
 .text.i2c_dev_open
                0x000000000001a484       0x4c miscutils/lib.a(i2c_tools.o)
 .text.check_funcs_test_end
                0x000000000001a4d0       0x28 miscutils/lib.a(i2c_tools.o)
 .text.check_read_funcs
                0x000000000001a4f8       0x9c miscutils/lib.a(i2c_tools.o)
 .text.i2c_set_slave_addr
                0x000000000001a594       0x24 miscutils/lib.a(i2c_tools.o)
 .text.confirm_or_abort
                0x000000000001a5b8       0x2c miscutils/lib.a(i2c_tools.o)
 .text.confirm_action
                0x000000000001a5e4       0x50 miscutils/lib.a(i2c_tools.o)
 .text.read_block_data.constprop.1
                0x000000000001a634       0xa8 miscutils/lib.a(i2c_tools.o)
 .text.list_i2c_busses_and_exit
                0x000000000001a6dc      0x174 miscutils/lib.a(i2c_tools.o)
 .text.i2cget_main
                0x000000000001a850      0x150 miscutils/lib.a(i2c_tools.o)
                0x000000000001a850                i2cget_main
 .text.i2cset_main
                0x000000000001a9a0      0x3d8 miscutils/lib.a(i2c_tools.o)
                0x000000000001a9a0                i2cset_main
 .text.i2cdump_main
                0x000000000001ad78      0x3ac miscutils/lib.a(i2c_tools.o)
                0x000000000001ad78                i2cdump_main
 .text.i2cdetect_main
                0x000000000001b124      0x240 miscutils/lib.a(i2c_tools.o)
                0x000000000001b124                i2cdetect_main
 .text.ionice_main
                0x000000000001b364       0xe8 miscutils/lib.a(ionice.o)
                0x000000000001b364                ionice_main
 .text.show_entry
                0x000000000001b44c      0x10c miscutils/lib.a(last_fancy.o)
 .text.last_main
                0x000000000001b558      0x21c miscutils/lib.a(last_fancy.o)
                0x000000000001b558                last_main
 .text.at_end   0x000000000001b774       0x48 miscutils/lib.a(less.o)
 .text.safe_lineno
                0x000000000001b7bc       0x28 miscutils/lib.a(less.o)
 .text.sigwinch_handler
                0x000000000001b7e4       0x10 miscutils/lib.a(less.o)
 .text.set_tty_cooked
                0x000000000001b7f4       0x20 miscutils/lib.a(less.o)
 .text.clear_line
                0x000000000001b814       0x18 miscutils/lib.a(less.o)
 .text.print_statusline
                0x000000000001b82c       0x24 miscutils/lib.a(less.o)
 .text.fill_match_lines
                0x000000000001b850       0x7c miscutils/lib.a(less.o)
 .text.read_lines
                0x000000000001b8cc      0x238 miscutils/lib.a(less.o)
 .text.goto_lineno
                0x000000000001bb04       0x68 miscutils/lib.a(less.o)
 .text.cap_cur_fline
                0x000000000001bb6c       0x68 miscutils/lib.a(less.o)
 .text.re_wrap  0x000000000001bbd4      0x148 miscutils/lib.a(less.o)
 .text.update_num_lines
                0x000000000001bd1c       0xa8 miscutils/lib.a(less.o)
 .text.m_status_print
                0x000000000001bdc4       0xe0 miscutils/lib.a(less.o)
 .text.status_print
                0x000000000001bea4       0x70 miscutils/lib.a(less.o)
 .text.buffer_print
                0x000000000001bf14      0x23c miscutils/lib.a(less.o)
 .text.buffer_fill_and_print
                0x000000000001c150       0x90 miscutils/lib.a(less.o)
 .text.reinitialize
                0x000000000001c1e0       0x8c miscutils/lib.a(less.o)
 .text.change_file
                0x000000000001c26c       0x60 miscutils/lib.a(less.o)
 .text.buffer_down
                0x000000000001c2cc       0x40 miscutils/lib.a(less.o)
 .text.buffer_up
                0x000000000001c30c       0x44 miscutils/lib.a(less.o)
 .text.buffer_to_line
                0x000000000001c350       0x2c miscutils/lib.a(less.o)
 .text.goto_match
                0x000000000001c37c       0x68 miscutils/lib.a(less.o)
 .text.getch_nowait
                0x000000000001c3e4       0xcc miscutils/lib.a(less.o)
 .text.less_getch
                0x000000000001c4b0       0x28 miscutils/lib.a(less.o)
 .text.less_gets
                0x000000000001c4d8       0x7c miscutils/lib.a(less.o)
 .text.examine_file
                0x000000000001c554       0x5c miscutils/lib.a(less.o)
 .text.regex_process
                0x000000000001c5b0       0xe4 miscutils/lib.a(less.o)
 .text.less_main
                0x000000000001c694      0x7a8 miscutils/lib.a(less.o)
                0x000000000001c694                less_main
 .text.makedevs_main
                0x000000000001ce3c      0x2b0 miscutils/lib.a(makedevs.o)
                0x000000000001ce3c                makedevs_main
 .text.run_pipe
                0x000000000001d0ec      0x114 miscutils/lib.a(man.o)
 .text.show_manpage
                0x000000000001d200       0x94 miscutils/lib.a(man.o)
 .text.man_main
                0x000000000001d294      0x240 miscutils/lib.a(man.o)
                0x000000000001d294                man_main
 .text.microcom_main
                0x000000000001d4d4      0x244 miscutils/lib.a(microcom.o)
                0x000000000001d4d4                microcom_main
 .text.mountpoint_main
                0x000000000001d718      0x170 miscutils/lib.a(mountpoint.o)
                0x000000000001d718                mountpoint_main
 .text.mt_main  0x000000000001d888       0xcc miscutils/lib.a(mt.o)
                0x000000000001d888                mt_main
 .text.next_good_eraseblock
                0x000000000001d954       0x70 miscutils/lib.a(nandwrite.o)
 .text.nandwrite_main
                0x000000000001d9c4      0x354 miscutils/lib.a(nandwrite.o)
                0x000000000001d9c4                nandwrite_main
 .text.raidautorun_main
                0x000000000001dd18       0x24 miscutils/lib.a(raidautorun.o)
                0x000000000001dd18                raidautorun_main
 .text.runlevel_main
                0x000000000001dd3c       0x64 miscutils/lib.a(runlevel.o)
                0x000000000001dd3c                runlevel_main
 .text.rx_main  0x000000000001dda0      0x2a0 miscutils/lib.a(rx.o)
                0x000000000001dda0                rx_main
 .text.serial_ctl
                0x000000000001e040       0x74 miscutils/lib.a(setserial.o)
 .text.setserial_main
                0x000000000001e0b4      0x3f4 miscutils/lib.a(setserial.o)
                0x000000000001e0b4                setserial_main
 .text.strings_main
                0x000000000001e4a8      0x130 miscutils/lib.a(strings.o)
                0x000000000001e4a8                strings_main
 .text.run_command
                0x000000000001e5d8       0x98 miscutils/lib.a(time.o)
 .text.time_main
                0x000000000001e670      0x3f8 miscutils/lib.a(time.o)
                0x000000000001e670                time_main
 .text.timeout_main
                0x000000000001ea68       0xdc miscutils/lib.a(timeout.o)
                0x000000000001ea68                timeout_main
 .text.ttysize_main
                0x000000000001eb44       0x6c miscutils/lib.a(ttysize.o)
                0x000000000001eb44                ttysize_main
 .text.get_num_from_file
                0x000000000001ebb0       0x50 miscutils/lib.a(ubi_tools.o)
 .text.ubi_tools_main
                0x000000000001ec00      0x378 miscutils/lib.a(ubi_tools.o)
                0x000000000001ec00                ubi_tools_main
 .text.volname_main
                0x000000000001ef78       0x48 miscutils/lib.a(volname.o)
                0x000000000001ef78                volname_main
 .text.wall_main
                0x000000000001efc0       0x5c miscutils/lib.a(wall.o)
                0x000000000001efc0                wall_main
 .text.watchdog_shutdown
                0x000000000001f01c       0x2c miscutils/lib.a(watchdog.o)
 .text.watchdog_main
                0x000000000001f048       0xe8 miscutils/lib.a(watchdog.o)
                0x000000000001f048                watchdog_main
 .text.display  0x000000000001f130       0x44 modutils/lib.a(modinfo.o)
 .text.modinfo  0x000000000001f174      0x10c modutils/lib.a(modinfo.o)
 .text.modinfo_main
                0x000000000001f280       0xf0 modutils/lib.a(modinfo.o)
                0x000000000001f280                modinfo_main
 .text.load_module
                0x000000000001f370       0x40 modutils/lib.a(modprobe-small.o)
 .text.moderror
                0x000000000001f3b0       0x38 modutils/lib.a(modprobe-small.o)
 .text.load_dep_bb
                0x000000000001f3e8       0xc8 modutils/lib.a(modprobe-small.o)
 .text.append   0x000000000001f4b0       0x44 modutils/lib.a(modprobe-small.o)
 .text.copy_stringbuf
                0x000000000001f4f4       0x20 modutils/lib.a(modprobe-small.o)
 .text.rmmod    0x000000000001f514       0x38 modutils/lib.a(modprobe-small.o)
 .text.parse_module
                0x000000000001f54c      0x140 modutils/lib.a(modprobe-small.o)
 .text.fileAction
                0x000000000001f68c       0x90 modutils/lib.a(modprobe-small.o)
 .text.find_alias
                0x000000000001f71c      0x1f0 modutils/lib.a(modprobe-small.o)
 .text.process_module
                0x000000000001f90c      0x230 modutils/lib.a(modprobe-small.o)
 .text.modprobe_main
                0x000000000001fb3c      0x188 modutils/lib.a(modprobe-small.o)
                0x000000000001fb3c                modprobe_main
 .text.arp_show
                0x000000000001fcc4      0x1e8 networking/lib.a(arp.o)
 .text.arp_main
                0x000000000001feac      0x430 networking/lib.a(arp.o)
                0x000000000001feac                arp_main
 .text.finish   0x00000000000202dc       0x68 networking/lib.a(arping.o)
 .text.catcher  0x0000000000020344      0x104 networking/lib.a(arping.o)
 .text.arping_main
                0x0000000000020448      0x54c networking/lib.a(arping.o)
                0x0000000000020448                arping_main
 .text.dnsd_main
                0x0000000000020994      0x3d8 networking/lib.a(dnsd.o)
                0x0000000000020994                dnsd_main
 .text.ether_wake_main
                0x0000000000020d6c      0x1e4 networking/lib.a(ether-wake.o)
                0x0000000000020d6c                ether_wake_main
 .text.verbose_log
                0x0000000000020f50       0x20 networking/lib.a(ftpd.o)
 .text.cmdio_get_cmd_and_arg
                0x0000000000020f70       0xd4 networking/lib.a(ftpd.o)
 .text.cmdio_write_ok
                0x0000000000021044       0x2c networking/lib.a(ftpd.o)
 .text.cmdio_write_error
                0x0000000000021070       0x28 networking/lib.a(ftpd.o)
 .text.cmdio_write
                0x0000000000021098       0x58 networking/lib.a(ftpd.o)
 .text.handle_cwd
                0x00000000000210f0       0x30 networking/lib.a(ftpd.o)
 .text.port_pasv_cleanup
                0x0000000000021120       0x38 networking/lib.a(ftpd.o)
 .text.get_remote_transfer_fd
                0x0000000000021158       0x50 networking/lib.a(ftpd.o)
 .text.bind_for_passive_mode
                0x00000000000211a8       0x5c networking/lib.a(ftpd.o)
 .text.cmdio_write_raw
                0x0000000000021204       0x24 networking/lib.a(ftpd.o)
 .text.timeout_handler
                0x0000000000021228       0x5c networking/lib.a(ftpd.o)
 .text.port_or_pasv_was_seen
                0x0000000000021284       0x24 networking/lib.a(ftpd.o)
 .text.handle_upload_common
                0x00000000000212a8      0x12c networking/lib.a(ftpd.o)
 .text.handle_dir_common
                0x00000000000213d4      0x130 networking/lib.a(ftpd.o)
 .text.ftpd_main
                0x0000000000021504      0x758 networking/lib.a(ftpd.o)
                0x0000000000021504                ftpd_main
 .text.ftp_die  0x0000000000021c5c       0x40 networking/lib.a(ftpgetput.o)
 .text.ftpcmd   0x0000000000021c9c       0x84 networking/lib.a(ftpgetput.o)
 .text.xconnect_ftpdata
                0x0000000000021d20       0x7c networking/lib.a(ftpgetput.o)
 .text.pump_data_and_QUIT
                0x0000000000021d9c       0x48 networking/lib.a(ftpgetput.o)
 .text.ftp_receive
                0x0000000000021de4       0xf4 networking/lib.a(ftpgetput.o)
 .text.ftp_send
                0x0000000000021ed8       0x4c networking/lib.a(ftpgetput.o)
 .text.ftpgetput_main
                0x0000000000021f24      0x144 networking/lib.a(ftpgetput.o)
                0x0000000000021f24                ftpgetput_main
 .text.do_sethostname
                0x0000000000022068       0x50 networking/lib.a(hostname.o)
 .text.hostname_main
                0x00000000000220b8       0xf0 networking/lib.a(hostname.o)
                0x00000000000220b8                hostname_main
 .text.checkPermIP
                0x00000000000221a8       0x34 networking/lib.a(httpd.o)
 .text.parse_conf
                0x00000000000221dc      0x3e8 networking/lib.a(httpd.o)
 .text.sighup_handler
                0x00000000000225c4        0xc networking/lib.a(httpd.o)
 .text.get_line
                0x00000000000225d0       0x74 networking/lib.a(httpd.o)
 .text.check_user_passwd
                0x0000000000022644      0x144 networking/lib.a(httpd.o)
 .text.log_and_exit
                0x0000000000022788       0x30 networking/lib.a(httpd.o)
 .text.cgi_io_loop_and_exit
                0x00000000000227b8      0x1b0 networking/lib.a(httpd.o)
 .text.setenv1  0x0000000000022968       0x14 networking/lib.a(httpd.o)
 .text.send_file_and_exit
                0x000000000002297c      0x288 networking/lib.a(httpd.o)
 .text.send_headers
                0x0000000000022c04      0x230 networking/lib.a(httpd.o)
 .text.send_headers_and_exit
                0x0000000000022e34       0x18 networking/lib.a(httpd.o)
 .text.send_cgi_and_exit
                0x0000000000022e4c      0x2b0 networking/lib.a(httpd.o)
 .text.handle_incoming_and_exit
                0x00000000000230fc      0x724 networking/lib.a(httpd.o)
 .text.httpd_main
                0x0000000000023820      0x24c networking/lib.a(httpd.o)
                0x0000000000023820                httpd_main
 .text.ifconfig_main
                0x0000000000023a6c      0x374 networking/lib.a(ifconfig.o)
                0x0000000000023a6c                ifconfig_main
 .text.set_if_down
                0x0000000000023de0       0x30 networking/lib.a(ifenslave.o)
 .text.get_drv_info
                0x0000000000023e10       0x84 networking/lib.a(ifenslave.o)
 .text.enslave  0x0000000000023e94      0x1ec networking/lib.a(ifenslave.o)
 .text.ifenslave_main
                0x0000000000024080      0x21c networking/lib.a(ifenslave.o)
                0x0000000000024080                ifenslave_main
 .text.set_ifreq_to_ifname
                0x000000000002429c       0x20 networking/lib.a(ifplugd.o)
 .text.network_ioctl
                0x00000000000242bc       0x28 networking/lib.a(ifplugd.o)
 .text.detect_link_iff
                0x00000000000242e4       0x44 networking/lib.a(ifplugd.o)
 .text.detect_link_wlan
                0x0000000000024328       0x78 networking/lib.a(ifplugd.o)
 .text.detect_link_priv
                0x00000000000243a0       0x4c networking/lib.a(ifplugd.o)
 .text.detect_link_mii
                0x00000000000243ec       0x4c networking/lib.a(ifplugd.o)
 .text.detect_link_ethtool
                0x0000000000024438       0x3c networking/lib.a(ifplugd.o)
 .text.check_existence_through_netlink
                0x0000000000024474      0x108 networking/lib.a(ifplugd.o)
 .text.up_iface
                0x000000000002457c       0x68 networking/lib.a(ifplugd.o)
 .text.maybe_up_new_iface
                0x00000000000245e4       0x28 networking/lib.a(ifplugd.o)
 .text.detect_link
                0x000000000002460c       0xd0 networking/lib.a(ifplugd.o)
 .text.run_script
                0x00000000000246dc       0xc4 networking/lib.a(ifplugd.o)
 .text.ifplugd_main
                0x00000000000247a0      0x39c networking/lib.a(ifplugd.o)
                0x00000000000247a0                ifplugd_main
 .text.doit     0x0000000000024b3c       0x70 networking/lib.a(ifupdown.o)
 .text.execute_all
                0x0000000000024bac       0x44 networking/lib.a(ifupdown.o)
 .text.set_environ
                0x0000000000024bf0       0xe8 networking/lib.a(ifupdown.o)
 .text.iface_up
                0x0000000000024cd8       0x6c networking/lib.a(ifupdown.o)
 .text.iface_down
                0x0000000000024d44       0x6c networking/lib.a(ifupdown.o)
 .text.next_word
                0x0000000000024db0       0x38 networking/lib.a(ifupdown.o)
 .text.get_var  0x0000000000024de8       0x60 networking/lib.a(ifupdown.o)
 .text.execute  0x0000000000024e48      0x188 networking/lib.a(ifupdown.o)
 .text.loopback_down6
                0x0000000000024fd0       0x10 networking/lib.a(ifupdown.o)
 .text.loopback_up6
                0x0000000000024fe0       0x30 networking/lib.a(ifupdown.o)
 .text.static_down6
                0x0000000000025010       0x10 networking/lib.a(ifupdown.o)
 .text.static_up6
                0x0000000000025020       0x40 networking/lib.a(ifupdown.o)
 .text.v4tunnel_down
                0x0000000000025060       0x10 networking/lib.a(ifupdown.o)
 .text.v4tunnel_up
                0x0000000000025070       0x50 networking/lib.a(ifupdown.o)
 .text.loopback_down
                0x00000000000250c0       0x30 networking/lib.a(ifupdown.o)
 .text.loopback_up
                0x00000000000250f0       0x30 networking/lib.a(ifupdown.o)
 .text.dhcp_up  0x0000000000025120       0x2c networking/lib.a(ifupdown.o)
 .text.bootp_up
                0x000000000002514c       0x10 networking/lib.a(ifupdown.o)
 .text.static_down
                0x000000000002515c       0x30 networking/lib.a(ifupdown.o)
 .text.static_up
                0x000000000002518c       0x40 networking/lib.a(ifupdown.o)
 .text.ppp_down
                0x00000000000251cc       0x10 networking/lib.a(ifupdown.o)
 .text.ppp_up   0x00000000000251dc       0x10 networking/lib.a(ifupdown.o)
 .text.wvdial_down
                0x00000000000251ec       0x10 networking/lib.a(ifupdown.o)
 .text.wvdial_up
                0x00000000000251fc       0x10 networking/lib.a(ifupdown.o)
 .text.dhcp_down
                0x000000000002520c       0x34 networking/lib.a(ifupdown.o)
 .text.popen2   0x0000000000025240       0x7c networking/lib.a(ifupdown.o)
 .text.read_iface_state
                0x00000000000252bc       0x44 networking/lib.a(ifupdown.o)
 .text.read_interfaces
                0x0000000000025300      0x3a4 networking/lib.a(ifupdown.o)
 .text.ifupdown_main
                0x00000000000256a4      0x31c networking/lib.a(ifupdown.o)
                0x00000000000256a4                ifupdown_main
 .text.remove_fd_from_set
                0x00000000000259c0       0x3c networking/lib.a(inetd.o)
 .text.init_ring
                0x00000000000259fc       0x20 networking/lib.a(inetd.o)
 .text.discard_dg
                0x0000000000025a1c       0x10 networking/lib.a(inetd.o)
 .text.bump_nofile
                0x0000000000025a2c       0x88 networking/lib.a(inetd.o)
 .text.add_fd_to_set
                0x0000000000025ab4       0x54 networking/lib.a(inetd.o)
 .text.unregister_rpc
                0x0000000000025b08       0x2c networking/lib.a(inetd.o)
 .text.clean_up_and_exit
                0x0000000000025b34       0x50 networking/lib.a(inetd.o)
 .text.reap_child
                0x0000000000025b84       0x70 networking/lib.a(inetd.o)
 .text.register_rpc
                0x0000000000025bf4       0x7c networking/lib.a(inetd.o)
 .text.daytime_dg
                0x0000000000025c70       0x78 networking/lib.a(inetd.o)
 .text.daytime_stream
                0x0000000000025ce8       0x24 networking/lib.a(inetd.o)
 .text.machtime_dg
                0x0000000000025d0c       0x68 networking/lib.a(inetd.o)
 .text.chargen_dg
                0x0000000000025d74       0xb8 networking/lib.a(inetd.o)
 .text.chargen_stream
                0x0000000000025e2c       0x68 networking/lib.a(inetd.o)
 .text.discard_stream
                0x0000000000025e94       0x1c networking/lib.a(inetd.o)
 .text.echo_stream
                0x0000000000025eb0       0x24 networking/lib.a(inetd.o)
 .text.rearm_alarm
                0x0000000000025ed4       0x24 networking/lib.a(inetd.o)
 .text.prepare_socket_fd
                0x0000000000025ef8       0xdc networking/lib.a(inetd.o)
 .text.retry_network_setup
                0x0000000000025fd4       0x4c networking/lib.a(inetd.o)
 .text.machtime_stream
                0x0000000000026020       0x28 networking/lib.a(inetd.o)
 .text.parse_one_line
                0x0000000000026048      0x378 networking/lib.a(inetd.o)
 .text.reread_config_file
                0x00000000000263c0      0x2ec networking/lib.a(inetd.o)
 .text.inetd_main
                0x00000000000266ac      0x5ec networking/lib.a(inetd.o)
                0x00000000000266ac                inetd_main
 .text.UNSPEC_print
                0x0000000000026c98       0x38 networking/lib.a(interface.o)
 .text.UNSPEC_sprint
                0x0000000000026cd0       0x1c networking/lib.a(interface.o)
 .text.INET6_sprint
                0x0000000000026cec       0x24 networking/lib.a(interface.o)
 .text.INET_sprint
                0x0000000000026d10       0x28 networking/lib.a(interface.o)
 .text.ether_print
                0x0000000000026d38       0x28 networking/lib.a(interface.o)
 .text.add_interface
                0x0000000000026d60       0x5c networking/lib.a(interface.o)
 .text.if_readconf
                0x0000000000026dbc       0x84 networking/lib.a(interface.o)
 .text.if_readlist_proc
                0x0000000000026e40      0x1bc networking/lib.a(interface.o)
 .text.do_if_fetch
                0x0000000000026ffc      0x218 networking/lib.a(interface.o)
 .text.print_bytes_scaled
                0x0000000000027214       0x6c networking/lib.a(interface.o)
 .text.get_aftype
                0x0000000000027280       0x20 networking/lib.a(interface.o)
                0x0000000000027280                get_aftype
 .text.get_hwtype
                0x00000000000272a0       0x20 networking/lib.a(interface.o)
                0x00000000000272a0                get_hwtype
 .text.get_hwntype
                0x00000000000272c0       0x18 networking/lib.a(interface.o)
                0x00000000000272c0                get_hwntype
 .text.ife_print
                0x00000000000272d8      0x3f8 networking/lib.a(interface.o)
 .text.display_interfaces
                0x00000000000276d0       0x88 networking/lib.a(interface.o)
                0x00000000000276d0                display_interfaces
 .text.ipaddr_main
                0x0000000000027758        0xc networking/lib.a(ip.o)
                0x0000000000027758                ipaddr_main
 .text.iplink_main
                0x0000000000027764        0xc networking/lib.a(ip.o)
                0x0000000000027764                iplink_main
 .text.iproute_main
                0x0000000000027770        0xc networking/lib.a(ip.o)
                0x0000000000027770                iproute_main
 .text.iprule_main
                0x000000000002777c        0xc networking/lib.a(ip.o)
                0x000000000002777c                iprule_main
 .text.iptunnel_main
                0x0000000000027788        0xc networking/lib.a(ip.o)
                0x0000000000027788                iptunnel_main
 .text.ip_main  0x0000000000027794       0x34 networking/lib.a(ip.o)
                0x0000000000027794                ip_main
 .text.ipcalc_main
                0x00000000000277c8      0x1bc networking/lib.a(ipcalc.o)
                0x00000000000277c8                ipcalc_main
 .text.do_rd    0x0000000000027984       0x80 networking/lib.a(isrv_identd.o)
 .text.fakeidentd_main
                0x0000000000027a04       0xec networking/lib.a(isrv_identd.o)
                0x0000000000027a04                fakeidentd_main
 .text.prepend_new_eth_table
                0x0000000000027af0      0x104 networking/lib.a(nameif.o)
 .text.nameif_main
                0x0000000000027bf4      0x1d4 networking/lib.a(nameif.o)
                0x0000000000027bf4                nameif_main
 .text.nbdclient_main
                0x0000000000027dc8      0x168 networking/lib.a(nbd-client.o)
                0x0000000000027dc8                nbdclient_main
 .text.timeout  0x0000000000027f30        0xc networking/lib.a(nc.o)
 .text.nc_main  0x0000000000027f3c      0x2d4 networking/lib.a(nc.o)
                0x0000000000027f3c                nc_main
 .text.unix_do_one
                0x0000000000028210      0x1b0 networking/lib.a(netstat.o)
 .text.build_ipv6_addr
                0x00000000000283c0       0x3c networking/lib.a(netstat.o)
 .text.ip_port_str
                0x00000000000283fc       0x5c networking/lib.a(netstat.o)
 .text.dir_act  0x0000000000028458       0x90 networking/lib.a(netstat.o)
 .text.add_to_prg_cache_if_socket
                0x00000000000284e8       0xb0 networking/lib.a(netstat.o)
 .text.do_info  0x0000000000028598       0x50 networking/lib.a(netstat.o)
 .text.scan_inet_proc_line
                0x00000000000285e8       0x8c networking/lib.a(netstat.o)
 .text.print_inet_line
                0x0000000000028674       0xd0 networking/lib.a(netstat.o)
 .text.raw_do_one
                0x0000000000028744       0x60 networking/lib.a(netstat.o)
 .text.udp_do_one
                0x00000000000287a4       0x80 networking/lib.a(netstat.o)
 .text.tcp_do_one
                0x0000000000028824       0x40 networking/lib.a(netstat.o)
 .text.netstat_main
                0x0000000000028864      0x1e4 networking/lib.a(netstat.o)
                0x0000000000028864                netstat_main
 .text.print_host
                0x0000000000028a48       0x8c networking/lib.a(nslookup.o)
 .text.nslookup_main
                0x0000000000028ad4       0x5c networking/lib.a(nslookup.o)
                0x0000000000028ad4                nslookup_main
 .text.my_SQRT  0x0000000000028b30       0x38 networking/lib.a(ntpd.o)
 .text.reset_peer_stats
                0x0000000000028b68       0x88 networking/lib.a(ntpd.o)
 .text.clamp_pollexp_and_set_MAXSTRAT
                0x0000000000028bf0       0x30 networking/lib.a(ntpd.o)
 .text.adjust_poll
                0x0000000000028c20       0x7c networking/lib.a(ntpd.o)
 .text.add_peers
                0x0000000000028c9c       0x58 networking/lib.a(ntpd.o)
 .text.poll_interval
                0x0000000000028cf4       0x2c networking/lib.a(ntpd.o)
 .text.run_script
                0x0000000000028d20       0xe0 networking/lib.a(ntpd.o)
 .text.set_next.isra.0
                0x0000000000028e00       0x20 networking/lib.a(ntpd.o)
 .text.unpack_tail
                0x0000000000028e20       0xdc networking/lib.a(ping.o)
 .text.print_stats_and_exit
                0x0000000000028efc       0xd8 networking/lib.a(ping.o)
 .text.sendping_tail.constprop.1
                0x0000000000028fd4       0xac networking/lib.a(ping.o)
 .text.sendping4
                0x0000000000029080       0x50 networking/lib.a(ping.o)
 .text.sendping6
                0x00000000000290d0       0x40 networking/lib.a(ping.o)
 .text.common_ping_main
                0x0000000000029110      0x508 networking/lib.a(ping.o)
 .text.pscan_main
                0x0000000000029618      0x1ec networking/lib.a(pscan.o)
                0x0000000000029618                pscan_main
 .text.set_flags
                0x0000000000029804       0x28 networking/lib.a(route.o)
 .text.INET6_displayroutes
                0x000000000002982c      0x168 networking/lib.a(route.o)
 .text.INET6_setroute
                0x0000000000029994      0x184 networking/lib.a(route.o)
 .text.INET_setroute
                0x0000000000029b18      0x278 networking/lib.a(route.o)
 .text.bb_displayroutes
                0x0000000000029d90      0x140 networking/lib.a(route.o)
                0x0000000000029d90                bb_displayroutes
 .text.route_main
                0x0000000000029ed0       0xcc networking/lib.a(route.o)
                0x0000000000029ed0                route_main
 .text.set_termios_state_or_warn
                0x0000000000029f9c       0x28 networking/lib.a(slattach.o)
 .text.restore_state_and_exit
                0x0000000000029fc4       0x80 networking/lib.a(slattach.o)
 .text.slattach_main
                0x000000000002a044      0x224 networking/lib.a(slattach.o)
                0x000000000002a044                slattach_main
 .text.connection_status
                0x000000000002a268       0x1c networking/lib.a(tcpudp.o)
 .text.sig_term_handler
                0x000000000002a284       0x20 networking/lib.a(tcpudp.o)
 .text.sig_child_handler
                0x000000000002a2a4       0x78 networking/lib.a(tcpudp.o)
 .text.xsetenv_proto
                0x000000000002a31c       0x2c networking/lib.a(tcpudp.o)
 .text.xsetenv_plain
                0x000000000002a348       0x28 networking/lib.a(tcpudp.o)
 .text.tcpudpsvd_main
                0x000000000002a370      0x4ec networking/lib.a(tcpudp.o)
                0x000000000002a370                tcpudpsvd_main
 .text.ipsvd_perhost_init
                0x000000000002a85c       0x1c networking/lib.a(tcpudp_perhost.o)
                0x000000000002a85c                ipsvd_perhost_init
 .text.ipsvd_perhost_add
                0x000000000002a878       0x64 networking/lib.a(tcpudp_perhost.o)
                0x000000000002a878                ipsvd_perhost_add
 .text.ipsvd_perhost_remove
                0x000000000002a8dc       0x38 networking/lib.a(tcpudp_perhost.o)
                0x000000000002a8dc                ipsvd_perhost_remove
 .text.put_iac  0x000000000002a914       0x14 networking/lib.a(telnet.o)
 .text.iac_flush
                0x000000000002a928       0x20 networking/lib.a(telnet.o)
 .text.put_iac2
                0x000000000002a948       0x2c networking/lib.a(telnet.o)
 .text.rawmode  0x000000000002a974       0x18 networking/lib.a(telnet.o)
 .text.cookmode
                0x000000000002a98c       0x18 networking/lib.a(telnet.o)
 .text.setConMode
                0x000000000002a9a4       0x54 networking/lib.a(telnet.o)
 .text.con_escape
                0x000000000002a9f8       0xd0 networking/lib.a(telnet.o)
 .text.handle_net_output
                0x000000000002aac8       0x58 networking/lib.a(telnet.o)
 .text.telnet_main
                0x000000000002ab20      0x3f8 networking/lib.a(telnet.o)
                0x000000000002ab20                telnet_main
 .text.handle_sigchld
                0x000000000002af18       0x3c networking/lib.a(telnetd.o)
 .text.make_new_session
                0x000000000002af54      0x164 networking/lib.a(telnetd.o)
 .text.free_session
                0x000000000002b0b8       0x74 networking/lib.a(telnetd.o)
 .text.telnetd_main
                0x000000000002b12c      0x66c networking/lib.a(telnetd.o)
                0x000000000002b12c                telnetd_main
 .text.tftp_blksize_check
                0x000000000002b798       0x34 networking/lib.a(tftp.o)
 .text.tftp_progress_update
                0x000000000002b7cc       0x30 networking/lib.a(tftp.o)
 .text.tftp_progress_done
                0x000000000002b7fc       0x34 networking/lib.a(tftp.o)
 .text.tftp_protocol
                0x000000000002b830      0x548 networking/lib.a(tftp.o)
 .text.tftp_main
                0x000000000002bd78       0xe0 networking/lib.a(tftp.o)
                0x000000000002bd78                tftp_main
 .text.tftpd_main
                0x000000000002be58      0x1e4 networking/lib.a(tftp.o)
                0x000000000002be58                tftpd_main
 .text.pr_type  0x000000000002c03c       0x44 networking/lib.a(traceroute.o)
 .text.common_traceroute_main
                0x000000000002c080      0x9b8 networking/lib.a(traceroute.o)
 .text.tunctl_main
                0x000000000002ca38      0x134 networking/lib.a(tunctl.o)
                0x000000000002ca38                tunctl_main
 .text.vconfig_main
                0x000000000002cb6c       0xb4 networking/lib.a(vconfig.o)
                0x000000000002cb6c                vconfig_main
 .text.alarm_handler
                0x000000000002cc20       0x1c networking/lib.a(wget.o)
 .text.spawn_https_helper_openssl
                0x000000000002cc3c       0xe0 networking/lib.a(wget.o)
 .text.open_socket
                0x000000000002cd1c       0x3c networking/lib.a(wget.o)
 .text.base64enc
                0x000000000002cd58       0x30 networking/lib.a(wget.o)
 .text.fgets_and_trim
                0x000000000002cd88       0x40 networking/lib.a(wget.o)
 .text.reset_beg_range_to_zero
                0x000000000002cdc8       0x2c networking/lib.a(wget.o)
 .text.parse_url
                0x000000000002cdf4      0x144 networking/lib.a(wget.o)
 .text.gethdr   0x000000000002cf38       0x84 networking/lib.a(wget.o)
 .text.progress_meter